Component: ARM Compiler 5.06 update 4 (build 422) Tool: armlink [4d35d2]

==============================================================================

Section Cross References

    .\output\system_stm32f4xx.o(i.SystemCoreClockUpdate) refers to .\output\system_stm32f4xx.o(.data) for SystemCoreClock
    .\output\system_stm32f4xx.o(i.SystemInit) refers to .\output\system_stm32f4xx.o(i.SetSysClock) for SetSysClock
    .\output\main.o(i.main) refers to .\output\hyperion.o(i.System_Init) for System_Init
    .\output\main.o(i.main) refers to .\output\tm_stm32f4_lis302dl_lis3dsh.o(i.TM_LIS302DL_LIS3DSH_ReadAxes) for TM_LIS302DL_LIS3DSH_ReadAxes
    .\output\main.o(i.main) refers to .\output\tm_stm32f4_adc.o(i.TM_ADC_Read) for TM_ADC_Read
    .\output\main.o(i.main) refers to C:\Keil_v5\ARM\ARMCC\Bin\..\lib\armlib\mf_w.l(dflti.o)(.text) for __aeabi_i2d
    .\output\main.o(i.main) refers to C:\Keil_v5\ARM\ARMCC\Bin\..\lib\armlib\mf_w.l(dmul.o)(.text) for __aeabi_dmul
    .\output\main.o(i.main) refers to C:\Keil_v5\ARM\ARMCC\Bin\..\lib\armlib\mf_w.l(dfixi.o)(.text) for __aeabi_d2iz
    .\output\main.o(i.main) refers to .\output\hyperion.o(i.map) for map
    .\output\main.o(i.main) refers to .\output\hyperion.o(i.ShowLeds) for ShowLeds
    .\output\main.o(i.main) refers to .\output\hyperion.o(i.ShowDisplay) for ShowDisplay
    .\output\main.o(i.main) refers to C:\Keil_v5\ARM\ARMCC\Bin\..\lib\armlib\mc_w.l(printf1.o)(i.__0sprintf$1) for __2sprintf
    .\output\main.o(i.main) refers to .\output\tm_stm32f4_hd44780.o(i.TM_HD44780_Clear) for TM_HD44780_Clear
    .\output\main.o(i.main) refers to .\output\tm_stm32f4_hd44780.o(i.TM_HD44780_Puts) for TM_HD44780_Puts
    .\output\main.o(i.main) refers to .\output\hyperion.o(i.shoot_button) for shoot_button
    .\output\main.o(i.main) refers to .\output\hyperion.o(i.stabilizer_button) for stabilizer_button
    .\output\main.o(i.main) refers to C:\Keil_v5\ARM\ARMCC\Bin\..\lib\armlib\mc_w.l(strcat.o)(.text) for strcat
    .\output\main.o(i.main) refers to .\output\hyperion.o(i.USART_SendString) for USART_SendString
    .\output\main.o(i.main) refers to .\output\main.o(.data) for Axes_Data
    .\output\main.o(i.main) refers to .\output\main.o(.bss) for axesX
    .\output\stm32f4xx_it.o(i.SysTick_Handler) refers to .\output\tm_stm32f4_delay.o(i.TM_Config_SysTick_Handler) for TM_Config_SysTick_Handler
    .\output\stm32f4xx_it.o(i.SysTick_Handler) refers to .\output\hyperion.o(.data) for count_system
    .\output\stm32f4xx_it.o(i.SysTick_Handler) refers to .\output\main.o(.data) for count_lcd
    .\output\stm32f4_discovery.o(i.STM_EVAL_LEDInit) refers to .\output\stm32f4xx_rcc.o(i.RCC_AHB1PeriphClockCmd) for RCC_AHB1PeriphClockCmd
    .\output\stm32f4_discovery.o(i.STM_EVAL_LEDInit) refers to .\output\stm32f4xx_gpio.o(i.GPIO_Init) for GPIO_Init
    .\output\stm32f4_discovery.o(i.STM_EVAL_LEDInit) refers to .\output\stm32f4_discovery.o(.constdata) for GPIO_CLK
    .\output\stm32f4_discovery.o(i.STM_EVAL_LEDInit) refers to .\output\stm32f4_discovery.o(.data) for GPIO_PORT
    .\output\stm32f4_discovery.o(i.STM_EVAL_LEDOff) refers to .\output\stm32f4_discovery.o(.constdata) for GPIO_PIN
    .\output\stm32f4_discovery.o(i.STM_EVAL_LEDOff) refers to .\output\stm32f4_discovery.o(.data) for GPIO_PORT
    .\output\stm32f4_discovery.o(i.STM_EVAL_LEDOn) refers to .\output\stm32f4_discovery.o(.constdata) for GPIO_PIN
    .\output\stm32f4_discovery.o(i.STM_EVAL_LEDOn) refers to .\output\stm32f4_discovery.o(.data) for GPIO_PORT
    .\output\stm32f4_discovery.o(i.STM_EVAL_LEDToggle) refers to .\output\stm32f4_discovery.o(.data) for GPIO_PORT
    .\output\stm32f4_discovery.o(i.STM_EVAL_LEDToggle) refers to .\output\stm32f4_discovery.o(.constdata) for GPIO_PIN
    .\output\stm32f4_discovery.o(i.STM_EVAL_PBGetState) refers to .\output\stm32f4xx_gpio.o(i.GPIO_ReadInputDataBit) for GPIO_ReadInputDataBit
    .\output\stm32f4_discovery.o(i.STM_EVAL_PBGetState) refers to .\output\stm32f4_discovery.o(.constdata) for BUTTON_PIN
    .\output\stm32f4_discovery.o(i.STM_EVAL_PBGetState) refers to .\output\stm32f4_discovery.o(.data) for BUTTON_PORT
    .\output\stm32f4_discovery.o(i.STM_EVAL_PBInit) refers to .\output\stm32f4xx_rcc.o(i.RCC_AHB1PeriphClockCmd) for RCC_AHB1PeriphClockCmd
    .\output\stm32f4_discovery.o(i.STM_EVAL_PBInit) refers to .\output\stm32f4xx_rcc.o(i.RCC_APB2PeriphClockCmd) for RCC_APB2PeriphClockCmd
    .\output\stm32f4_discovery.o(i.STM_EVAL_PBInit) refers to .\output\stm32f4xx_gpio.o(i.GPIO_Init) for GPIO_Init
    .\output\stm32f4_discovery.o(i.STM_EVAL_PBInit) refers to .\output\stm32f4xx_syscfg.o(i.SYSCFG_EXTILineConfig) for SYSCFG_EXTILineConfig
    .\output\stm32f4_discovery.o(i.STM_EVAL_PBInit) refers to .\output\stm32f4xx_exti.o(i.EXTI_Init) for EXTI_Init
    .\output\stm32f4_discovery.o(i.STM_EVAL_PBInit) refers to .\output\misc.o(i.NVIC_Init) for NVIC_Init
[...]
    ../clib/microlib/init/entry.s            0x00000000   Number         0  C:\Keil_v5\ARM\ARMCC\Bin\..\lib\armlib\mc_w.l(entry7b.o) ABSOLUTE
    ../clib/microlib/init/entry.s            0x00000000   Number         0  C:\Keil_v5\ARM\ARMCC\Bin\..\lib\armlib\mc_w.l(entry10b.o) ABSOLUTE
    ../clib/microlib/init/entry.s            0x00000000   Number         0  C:\Keil_v5\ARM\ARMCC\Bin\..\lib\armlib\mc_w.l(entry11a.o) ABSOLUTE
    ../clib/microlib/init/entry.s            0x00000000   Number         0  C:\Keil_v5\ARM\ARMCC\Bin\..\lib\armlib\mc_w.l(entry10a.o) ABSOLUTE
    ../clib/microlib/init/entry.s            0x00000000   Number         0  C:\Keil_v5\ARM\ARMCC\Bin\..\lib\armlib\mc_w.l(entry9b.o) ABSOLUTE
    ../clib/microlib/init/entry.s            0x00000000   Number         0  C:\Keil_v5\ARM\ARMCC\Bin\..\lib\armlib\mc_w.l(entry9a.o) ABSOLUTE
    ../clib/microlib/init/entry.s            0x00000000   Number         0  C:\Keil_v5\ARM\ARMCC\Bin\..\lib\armlib\mc_w.l(entry8b.o) ABSOLUTE
    ../clib/microlib/init/entry.s            0x00000000   Number         0  C:\Keil_v5\ARM\ARMCC\Bin\..\lib\armlib\mc_w.l(entry8a.o) ABSOLUTE
    ../clib/microlib/init/entry.s            0x00000000   Number         0  C:\Keil_v5\ARM\ARMCC\Bin\..\lib\armlib\mc_w.l(entry.o) ABSOLUTE
    ../clib/microlib/init/entry.s            0x00000000   Number         0  C:\Keil_v5\ARM\ARMCC\Bin\..\lib\armlib\mc_w.l(entry7a.o) ABSOLUTE
    ../clib/microlib/init/entry.s            0x00000000   Number         0  C:\Keil_v5\ARM\ARMCC\Bin\..\lib\armlib\mc_w.l(entry5.o) ABSOLUTE
    ../clib/microlib/init/entry.s            0x00000000   Number         0  C:\Keil_v5\ARM\ARMCC\Bin\..\lib\armlib\mc_w.l(entry2.o) ABSOLUTE
    ../clib/microlib/init/entry.s            0x00000000   Number         0  C:\Keil_v5\ARM\ARMCC\Bin\..\lib\armlib\mc_w.l(entry11b.o) ABSOLUTE
    ../clib/microlib/longlong.c              0x00000000   Number         0  C:\Keil_v5\ARM\ARMCC\Bin\..\lib\armlib\mc_w.l(llushr.o) ABSOLUTE
    ../clib/microlib/longlong.c              0x00000000   Number         0  C:\Keil_v5\ARM\ARMCC\Bin\..\lib\armlib\mc_w.l(llshl.o) ABSOLUTE
    ../clib/microlib/longlong.c              0x00000000   Number         0  C:\Keil_v5\ARM\ARMCC\Bin\..\lib\armlib\mc_w.l(llsshr.o) ABSOLUTE
    ../clib/microlib/malloc/malloc.c         0x00000000   Number         0  C:\Keil_v5\ARM\ARMCC\Bin\..\lib\armlib\mc_w.l(malloca.o) ABSOLUTE
    ../clib/microlib/malloc/malloc.c         0x00000000   Number         0  C:\Keil_v5\ARM\ARMCC\Bin\..\lib\armlib\mc_w.l(mallocra.o) ABSOLUTE
    ../clib/microlib/malloc/malloc.c         0x00000000   Number         0  C:\Keil_v5\ARM\ARMCC\Bin\..\lib\armlib\mc_w.l(mallocr.o) ABSOLUTE
    ../clib/microlib/malloc/malloc.c         0x00000000   Number         0  C:\Keil_v5\ARM\ARMCC\Bin\..\lib\armlib\mc_w.l(malloc.o) ABSOLUTE
    ../clib/microlib/malloc/mvars.c          0x00000000   Number         0  C:\Keil_v5\ARM\ARMCC\Bin\..\lib\armlib\mc_w.l(mvars.o) ABSOLUTE
    ../clib/microlib/printf/printf.c         0x00000000   Number         0  C:\Keil_v5\ARM\ARMCC\Bin\..\lib\armlib\mc_w.l(printf2.o) ABSOLUTE
    ../clib/microlib/printf/printf.c         0x00000000   Number         0  C:\Keil_v5\ARM\ARMCC\Bin\..\lib\armlib\mc_w.l(printf1.o) ABSOLUTE
    ../clib/microlib/printf/printf.c         0x00000000   Number         0  C:\Keil_v5\ARM\ARMCC\Bin\..\lib\armlib\mc_w.l(printf0.o) ABSOLUTE
    ../clib/microlib/printf/printf.c         0x00000000   Number         0  C:\Keil_v5\ARM\ARMCC\Bin\..\lib\armlib\mc_w.l(printfb.o) ABSOLUTE
    ../clib/microlib/printf/printf.c         0x00000000   Number         0  C:\Keil_v5\ARM\ARMCC\Bin\..\lib\armlib\mc_w.l(printf8.o) ABSOLUTE
    ../clib/microlib/printf/printf.c         0x00000000   Number         0  C:\Keil_v5\ARM\ARMCC\Bin\..\lib\armlib\mc_w.l(printf7.o) ABSOLUTE
    ../clib/microlib/printf/printf.c         0x00000000   Number         0  C:\Keil_v5\ARM\ARMCC\Bin\..\lib\armlib\mc_w.l(printf6.o) ABSOLUTE
    ../clib/microlib/printf/printf.c         0x00000000   Number         0  C:\Keil_v5\ARM\ARMCC\Bin\..\lib\armlib\mc_w.l(printf3.o) ABSOLUTE
    ../clib/microlib/printf/printf.c         0x00000000   Number         0  C:\Keil_v5\ARM\ARMCC\Bin\..\lib\armlib\mc_w.l(printf5.o) ABSOLUTE
    ../clib/microlib/printf/printf.c         0x00000000   Number         0  C:\Keil_v5\ARM\ARMCC\Bin\..\lib\armlib\mc_w.l(printf4.o) ABSOLUTE
    ../clib/microlib/printf/printf.c         0x00000000   Number         0  C:\Keil_v5\ARM\ARMCC\Bin\..\lib\armlib\mc_w.l(printfa.o) ABSOLUTE
    ../clib/microlib/printf/stubs.s          0x00000000   Number         0  C:\Keil_v5\ARM\ARMCC\Bin\..\lib\armlib\mc_w.l(stubs.o) ABSOLUTE
    ../clib/microlib/string/memcpy.c         0x00000000   Number         0  C:\Keil_v5\ARM\ARMCC\Bin\..\lib\armlib\mc_w.l(memcpyb.o) ABSOLUTE
    ../clib/microlib/string/memcpy.c         0x00000000   Number         0  C:\Keil_v5\ARM\ARMCC\Bin\..\lib\armlib\mc_w.l(memcpya.o) ABSOLUTE
    ../clib/microlib/string/strcat.c         0x00000000   Number         0  C:\Keil_v5\ARM\ARMCC\Bin\..\lib\armlib\mc_w.l(strcat.o) ABSOLUTE
    ../clib/microlib/string/strlen.c         0x00000000   Number         0  C:\Keil_v5\ARM\ARMCC\Bin\..\lib\armlib\mc_w.l(strlen.o) ABSOLUTE
    ../clib/microlib/stubs.s                 0x00000000   Number         0  C:\Keil_v5\ARM\ARMCC\Bin\..\lib\armlib\mc_w.l(iusefp.o) ABSOLUTE
    ../fplib/microlib/fpadd.c                0x00000000   Number         0  C:\Keil_v5\ARM\ARMCC\Bin\..\lib\armlib\mf_w.l(dadd.o) ABSOLUTE
    ../fplib/microlib/fpdiv.c                0x00000000   Number         0  C:\Keil_v5\ARM\ARMCC\Bin\..\lib\armlib\mf_w.l(ddiv.o) ABSOLUTE
    ../fplib/microlib/fpepilogue.c           0x00000000   Number         0  C:\Keil_v5\ARM\ARMCC\Bin\..\lib\armlib\mf_w.l(fepilogue.o) ABSOLUTE
    ../fplib/microlib/fpepilogue.c           0x00000000   Number         0  C:\Keil_v5\ARM\ARMCC\Bin\..\lib\armlib\mf_w.l(depilogue.o) ABSOLUTE
    ../fplib/microlib/fpfix.c                0x00000000   Number         0  C:\Keil_v5\ARM\ARMCC\Bin\..\lib\armlib\mf_w.l(dfixui.o) ABSOLUTE
    ../fplib/microlib/fpfix.c                0x00000000   Number         0  C:\Keil_v5\ARM\ARMCC\Bin\..\lib\armlib\mf_w.l(dfixul.o) ABSOLUTE
    ../fplib/microlib/fpfix.c                0x00000000   Number         0  C:\Keil_v5\ARM\ARMCC\Bin\..\lib\armlib\mf_w.l(ffixi.o) ABSOLUTE
    ../fplib/microlib/fpfix.c                0x00000000   Number         0  C:\Keil_v5\ARM\ARMCC\Bin\..\lib\armlib\mf_w.l(dfixi.o) ABSOLUTE
    ../fplib/microlib/fpflt.c                0x00000000   Number         0  C:\Keil_v5\ARM\ARMCC\Bin\..\lib\armlib\mf_w.l(fflti.o) ABSOLUTE
    ../fplib/microlib/fpflt.c                0x00000000   Number         0  C:\Keil_v5\ARM\ARMCC\Bin\..\lib\armlib\mf_w.l(dflti.o) ABSOLUTE
    ../fplib/microlib/fpflt.c                0x00000000   Number         0  C:\Keil_v5\ARM\ARMCC\Bin\..\lib\armlib\mf_w.l(dfltui.o) ABSOLUTE
    ../fplib/microlib/fpmul.c                0x00000000   Number         0  C:\Keil_v5\ARM\ARMCC\Bin\..\lib\armlib\mf_w.l(fmul.o) ABSOLUTE
    ../fplib/microlib/fpmul.c                0x00000000   Number         0  C:\Keil_v5\ARM\ARMCC\Bin\..\lib\armlib\mf_w.l(dmul.o) ABSOLUTE
    ..\\terceros\\STM32F4-Discovery_FW_V1.1.0\\Libraries\\STM32F4xx_StdPeriph_Driver\\src\\misc.c 0x00000000   Number         0  .\output\misc.o ABSOLUTE
    ..\\terceros\\STM32F4-Discovery_FW_V1.1.0\\Libraries\\STM32F4xx_StdPeriph_Driver\\src\\stm32f4xx_adc.c 0x00000000   Number         0  .\output\stm32f4xx_adc.o ABSOLUTE
    ..\\terceros\\STM32F4-Discovery_FW_V1.1.0\\Libraries\\STM32F4xx_StdPeriph_Driver\\src\\stm32f4xx_exti.c 0x00000000   Number         0  .\output\stm32f4xx_exti.o ABSOLUTE
    ..\\terceros\\STM32F4-Discovery_FW_V1.1.0\\Libraries\\STM32F4xx_StdPeriph_Driver\\src\\stm32f4xx_gpio.c 0x00000000   Number         0  .\output\stm32f4xx_gpio.o ABSOLUTE
    ..\\terceros\\STM32F4-Discovery_FW_V1.1.0\\Libraries\\STM32F4xx_StdPeriph_Driver\\src\\stm32f4xx_rcc.c 0x00000000   Number         0  .\output\stm32f4xx_rcc.o ABSOLUTE
    ..\\terceros\\STM32F4-Discovery_FW_V1.1.0\\Libraries\\STM32F4xx_StdPeriph_Driver\\src\\stm32f4xx_spi.c 0x00000000   Number         0  .\output\stm32f4xx_spi.o ABSOLUTE
    ..\\terceros\\STM32F4-Discovery_FW_V1.1.0\\Libraries\\STM32F4xx_StdPeriph_Driver\\src\\stm32f4xx_syscfg.c 0x00000000   Number         0  .\output\stm32f4xx_syscfg.o ABSOLUTE
    ..\\terceros\\STM32F4-Discovery_FW_V1.1.0\\Libraries\\STM32F4xx_StdPeriph_Driver\\src\\stm32f4xx_usart.c 0x00000000   Number         0  .\output\stm32f4xx_usart.o ABSOLUTE
    ..\\terceros\\STM32F4-Discovery_FW_V1.1.0\\Utilities\\STM32F4-Discovery\\stm32f4_discovery.c 0x00000000   Number         0  .\output\stm32f4_discovery.o ABSOLUTE
    ..\\terceros\\accelerometer\\tm_stm32f4_lis302dl_lis3dsh.c 0x00000000   Number         0  .\output\tm_stm32f4_lis302dl_lis3dsh.o ABSOLUTE
    ..\\terceros\\accelerometer\\tm_stm32f4_spi.c 0x00000000   Number         0  .\output\tm_stm32f4_spi.o ABSOLUTE
    ..\\terceros\\adc\\tm_stm32f4_adc.c      0x00000000   Number         0  .\output\tm_stm32f4_adc.o ABSOLUTE
    ..\\terceros\\hyperion\\hyperion.c       0x00000000   Number         0  .\output\hyperion.o ABSOLUTE
    ..\\terceros\\lcd\\tm_stm32f4_delay.c    0x00000000   Number         0  .\output\tm_stm32f4_delay.o ABSOLUTE
    ..\\terceros\\lcd\\tm_stm32f4_gpio.c     0x00000000   Number         0  .\output\tm_stm32f4_gpio.o ABSOLUTE
    ..\\terceros\\lcd\\tm_stm32f4_hd44780.c  0x00000000   Number         0  .\output\tm_stm32f4_hd44780.o ABSOLUTE
    ..\\terceros\\lcd\\tm_stm32f4_timer_properties.c 0x00000000   Number         0  .\output\tm_stm32f4_timer_properties.o ABSOLUTE
    ..\terceros\STM32F4-Discovery_FW_V1.1.0\Libraries\CMSIS\ST\STM32F4xx\Source\Templates\arm\startup_stm32f4xx.s 0x00000000   Number         0  .\output\startup_stm32f4xx.o ABSOLUTE
    ..\terceros\STM32F4-Discovery_FW_V1.1.0\Libraries\STM32F4xx_StdPeriph_Driver\src\misc.c 0x00000000   Number         0  .\output\misc.o ABSOLUTE
    ..\terceros\STM32F4-Discovery_FW_V1.1.0\Libraries\STM32F4xx_StdPeriph_Driver\src\stm32f4xx_adc.c 0x00000000   Number         0  .\output\stm32f4xx_adc.o ABSOLUTE
    ..\terceros\STM32F4-Discovery_FW_V1.1.0\Libraries\STM32F4xx_StdPeriph_Driver\src\stm32f4xx_exti.c 0x00000000   Number         0  .\output\stm32f4xx_exti.o ABSOLUTE
    ..\terceros\STM32F4-Discovery_FW_V1.1.0\Libraries\STM32F4xx_StdPeriph_Driver\src\stm32f4xx_gpio.c 0x00000000   Number         0  .\output\stm32f4xx_gpio.o ABSOLUTE
    ..\terceros\STM32F4-Discovery_FW_V1.1.0\Libraries\STM32F4xx_StdPeriph_Driver\src\stm32f4xx_rcc.c 0x00000000   Number         0  .\output\stm32f4xx_rcc.o ABSOLUTE
    ..\terceros\STM32F4-Discovery_FW_V1.1.0\Libraries\STM32F4xx_StdPeriph_Driver\src\stm32f4xx_spi.c 0x00000000   Number         0  .\output\stm32f4xx_spi.o ABSOLUTE
    ..\terceros\STM32F4-Discovery_FW_V1.1.0\Libraries\STM32F4xx_StdPeriph_Driver\src\stm32f4xx_syscfg.c 0x00000000   Number         0  .\output\stm32f4xx_syscfg.o ABSOLUTE
    ..\terceros\STM32F4-Discovery_FW_V1.1.0\Libraries\STM32F4xx_StdPeriph_Driver\src\stm32f4xx_usart.c 0x00000000   Number         0  .\output\stm32f4xx_usart.o ABSOLUTE
    ..\terceros\STM32F4-Discovery_FW_V1.1.0\Utilities\STM32F4-Discovery\stm32f4_discovery.c 0x00000000   Number         0  .\output\stm32f4_discovery.o ABSOLUTE
    ..\terceros\accelerometer\tm_stm32f4_lis302dl_lis3dsh.c 0x00000000   Number         0  .\output\tm_stm32f4_lis302dl_lis3dsh.o ABSOLUTE
    ..\terceros\accelerometer\tm_stm32f4_spi.c 0x00000000   Number         0  .\output\tm_stm32f4_spi.o ABSOLUTE
    ..\terceros\adc\tm_stm32f4_adc.c         0x00000000   Number         0  .\output\tm_stm32f4_adc.o ABSOLUTE
    ..\terceros\binario\binario.c            0x00000000   Number         0  .\output\binario.o ABSOLUTE
    ..\terceros\hyperion\hyperion.c          0x00000000   Number         0  .\output\hyperion.o ABSOLUTE
    ..\terceros\lcd\tm_stm32f4_delay.c       0x00000000   Number         0  .\output\tm_stm32f4_delay.o ABSOLUTE
    ..\terceros\lcd\tm_stm32f4_gpio.c        0x00000000   Number         0  .\output\tm_stm32f4_gpio.o ABSOLUTE
    ..\terceros\lcd\tm_stm32f4_hd44780.c     0x00000000   Number         0  .\output\tm_stm32f4_hd44780.o ABSOLUTE
    ..\terceros\lcd\tm_stm32f4_timer_properties.c 0x00000000   Number         0  .\output\tm_stm32f4_timer_properties.o ABSOLUTE
    cdcmple.s                                0x00000000   Number         0  C:\Keil_v5\ARM\ARMCC\Bin\..\lib\armlib\mf_w.l(cdcmple.o) ABSOLUTE
    cdrcmple.s                               0x00000000   Number         0  C:\Keil_v5\ARM\ARMCC\Bin\..\lib\armlib\mf_w.l(cdrcmple.o) ABSOLUTE
    dc.s                                     0x00000000   Number         0  C:\Keil_v5\ARM\ARMCC\Bin\..\lib\armlib\mc_w.l(dc.o) ABSOLUTE
    fputc_debug.c                            0x00000000   Number         0  .\output\fputc_debug.o ABSOLUTE
    fputc_debug.c                            0x00000000   Number         0  .\output\fputc_debug.o ABSOLUTE
    handlers.s                               0x00000000   Number         0  C:\Keil_v5\ARM\ARMCC\Bin\..\lib\armlib\mc_w.l(handlers.o) ABSOLUTE
    init.s                                   0x00000000   Number         0  C:\Keil_v5\ARM\ARMCC\Bin\..\lib\armlib\mc_w.l(init.o) ABSOLUTE
    main.c                                   0x00000000   Number         0  .\output\main.o ABSOLUTE
    main.c                                   0x00000000   Number         0  .\output\main.o ABSOLUTE
    stm32f4xx_it.c                           0x00000000   Number         0  .\output\stm32f4xx_it.o ABSOLUTE
    stm32f4xx_it.c                           0x00000000   Number         0  .\output\stm32f4xx_it.o ABSOLUTE
    system_stm32f4xx.c                       0x00000000   Number         0  .\output\system_stm32f4xx.o ABSOLUTE
    system_stm32f4xx.c                       0x00000000   Number         0  .\output\system_stm32f4xx.o ABSOLUTE
    RESET                                    0x08000000   Section      392  .\output\startup_stm32f4xx.o(RESET)
    .ARM.Collect$$$$00000000                 0x08000188   Section        0  C:\Keil_v5\ARM\ARMCC\Bin\..\lib\armlib\mc_w.l(entry.o)(.ARM.Collect$$$$00000000)
    .ARM.Collect$$$$00000001                 0x08000188   Section        4  C:\Keil_v5\ARM\ARMCC\Bin\..\lib\armlib\mc_w.l(entry2.o)(.ARM.Collect$$$$00000001)
    .ARM.Collect$$$$00000004                 0x0800018c   Section        4  C:\Keil_v5\ARM\ARMCC\Bin\..\lib\armlib\mc_w.l(entry5.o)(.ARM.Collect$$$$00000004)
    .ARM.Collect$$$$00000008                 0x08000190   Section        0  C:\Keil_v5\ARM\ARMCC\Bin\..\lib\armlib\mc_w.l(entry7b.o)(.ARM.Collect$$$$00000008)
    .ARM.Collect$$$$0000000A                 0x08000190   Section        0  C:\Keil_v5\ARM\ARMCC\Bin\..\lib\armlib\mc_w.l(entry8b.o)(.ARM.Collect$$$$0000000A)
    .ARM.Collect$$$$0000000B                 0x08000190   Section        8  C:\Keil_v5\ARM\ARMCC\Bin\..\lib\armlib\mc_w.l(entry9a.o)(.ARM.Collect$$$$0000000B)
    .ARM.Collect$$$$0000000D                 0x08000198   Section        0  C:\Keil_v5\ARM\ARMCC\Bin\..\lib\armlib\mc_w.l(entry10a.o)(.ARM.Collect$$$$0000000D)
    .ARM.Collect$$$$0000000F                 0x08000198   Section        0  C:\Keil_v5\ARM\ARMCC\Bin\..\lib\armlib\mc_w.l(entry11a.o)(.ARM.Collect$$$$0000000F)
    .ARM.Collect$$$$00002712                 0x08000198   Section        4  C:\Keil_v5\ARM\ARMCC\Bin\..\lib\armlib\mc_w.l(entry2.o)(.ARM.Collect$$$$00002712)
    __lit__00000000                          0x08000198   Data           4  C:\Keil_v5\ARM\ARMCC\Bin\..\lib\armlib\mc_w.l(entry2.o)(.ARM.Collect$$$$00002712)
    .text                                    0x0800019c   Section       36  .\output\startup_stm32f4xx.o(.text)
    .text                                    0x080001c0   Section        0  C:\Keil_v5\ARM\ARMCC\Bin\..\lib\armlib\mc_w.l(strcat.o)(.text)
    .text                                    0x080001d8   Section        0  C:\Keil_v5\ARM\ARMCC\Bin\..\lib\armlib\mc_w.l(strlen.o)(.text)
    .text                                    0x080001e6   Section        0  C:\Keil_v5\ARM\ARMCC\Bin\..\lib\armlib\mf_w.l(fmul.o)(.text)
    .text                                    0x0800024a   Section        0  C:\Keil_v5\ARM\ARMCC\Bin\..\lib\armlib\mf_w.l(dmul.o)(.text)
    .text                                    0x0800032e   Section        0  C:\Keil_v5\ARM\ARMCC\Bin\..\lib\armlib\mf_w.l(fflti.o)(.text)
    .text                                    0x08000340   Section        0  C:\Keil_v5\ARM\ARMCC\Bin\..\lib\armlib\mf_w.l(dflti.o)(.text)
    .text                                    0x08000362   Section        0  C:\Keil_v5\ARM\ARMCC\Bin\..\lib\armlib\mf_w.l(ffixi.o)(.text)
    .text                                    0x08000394   Section        0  C:\Keil_v5\ARM\ARMCC\Bin\..\lib\armlib\mf_w.l(dfixi.o)(.text)
    .text                                    0x080003d2   Section        0  C:\Keil_v5\ARM\ARMCC\Bin\..\lib\armlib\mc_w.l(uidiv.o)(.text)
    .text                                    0x080003fe   Section        0  C:\Keil_v5\ARM\ARMCC\Bin\..\lib\armlib\mc_w.l(llushr.o)(.text)
    .text                                    0x0800041e   Section        0  C:\Keil_v5\ARM\ARMCC\Bin\..\lib\armlib\mc_w.l(iusefp.o)(.text)
    .text                                    0x0800041e   Section        0  C:\Keil_v5\ARM\ARMCC\Bin\..\lib\armlib\mf_w.l(fepilogue.o)(.text)
    .text                                    0x0800048c   Section        0  C:\Keil_v5\ARM\ARMCC\Bin\..\lib\armlib\mf_w.l(depilogue.o)(.text)
    .text                                    0x08000548   Section       36  C:\Keil_v5\ARM\ARMCC\Bin\..\lib\armlib\mc_w.l(init.o)(.text)
    .text                                    0x0800056c   Section        0  C:\Keil_v5\ARM\ARMCC\Bin\..\lib\armlib\mc_w.l(llshl.o)(.text)
    i.ADC_CommonInit                         0x0800058c   Section        0  .\output\stm32f4xx_adc.o(i.ADC_CommonInit)
    i.ADC_Init                               0x080005bc   Section        0  .\output\stm32f4xx_adc.o(i.ADC_Init)
    i.ADC_RegularChannelConfig               0x08000610   Section        0  .\output\stm32f4xx_adc.o(i.ADC_RegularChannelConfig)
    i.BusFault_Handler                       0x080006c8   Section        0  .\output\stm32f4xx_it.o(i.BusFault_Handler)
    i.DebugMon_Handler                       0x080006cc   Section        0  .\output\stm32f4xx_it.o(i.DebugMon_Handler)
    i.Delay                                  0x080006d0   Section        0  .\output\tm_stm32f4_hd44780.o(i.Delay)
    Delay                                    0x080006d1   Thumb Code    20  .\output\tm_stm32f4_hd44780.o(i.Delay)
    i.GPIO_Init                              0x080006e8   Section        0  .\output\stm32f4xx_gpio.o(i.GPIO_Init)
    i.GPIO_PinAFConfig                       0x08000778   Section        0  .\output\stm32f4xx_gpio.o(i.GPIO_PinAFConfig)
    i.GPIO_ReadInputDataBit                  0x080007be   Section        0  .\output\stm32f4xx_gpio.o(i.GPIO_ReadInputDataBit)
    i.GPIO_ReadOutputData                    0x080007d0   Section        0  .\output\stm32f4xx_gpio.o(i.GPIO_ReadOutputData)
    i.GPIO_Write                             0x080007d8   Section        0  .\output\stm32f4xx_gpio.o(i.GPIO_Write)
    i.HardFault_Handler                      0x080007dc   Section        0  .\output\stm32f4xx_it.o(i.HardFault_Handler)
    i.MemManage_Handler                      0x080007e0   Section        0  .\output\stm32f4xx_it.o(i.MemManage_Handler)
    i.NMI_Handler                            0x080007e4   Section        0  .\output\stm32f4xx_it.o(i.NMI_Handler)
    i.NVIC_Init                              0x080007e8   Section        0  .\output\misc.o(i.NVIC_Init)
    i.PendSV_Handler                         0x08000860   Section        0  .\output\stm32f4xx_it.o(i.PendSV_Handler)
    i.RCC_AHB1PeriphClockCmd                 0x08000864   Section        0  .\output\stm32f4xx_rcc.o(i.RCC_AHB1PeriphClockCmd)
    i.RCC_APB1PeriphClockCmd                 0x08000884   Section        0  .\output\stm32f4xx_rcc.o(i.RCC_APB1PeriphClockCmd)
    i.RCC_GetClocksFreq                      0x080008a4   Section        0  .\output\stm32f4xx_rcc.o(i.RCC_GetClocksFreq)
    i.SPI_Init                               0x0800098c   Section        0  .\output\stm32f4xx_spi.o(i.SPI_Init)
    i.SPI_StructInit                         0x080009c8   Section        0  .\output\stm32f4xx_spi.o(i.SPI_StructInit)
    i.SVC_Handler                            0x080009e0   Section        0  .\output\stm32f4xx_it.o(i.SVC_Handler)
    i.SetSysClock                            0x080009e4   Section        0  .\output\system_stm32f4xx.o(i.SetSysClock)
    SetSysClock                              0x080009e5   Thumb Code   220  .\output\system_stm32f4xx.o(i.SetSysClock)
    i.ShowDisplay                            0x08000ad0   Section        0  .\output\hyperion.o(i.ShowDisplay)
    i.ShowLeds                               0x08000b0c   Section        0  .\output\hyperion.o(i.ShowLeds)
    i.SysTick_Handler                        0x08000b7c   Section        0  .\output\stm32f4xx_it.o(i.SysTick_Handler)
    i.SystemInit                             0x08000ba0   Section        0  .\output\system_stm32f4xx.o(i.SystemInit)
    i.System_Init                            0x08000bfc   Section        0  .\output\hyperion.o(i.System_Init)
    i.TM_ADC_INT_Channel_0_Init              0x08000c88   Section        0  .\output\tm_stm32f4_adc.o(i.TM_ADC_INT_Channel_0_Init)
    i.TM_ADC_INT_Channel_10_Init             0x08000c9c   Section        0  .\output\tm_stm32f4_adc.o(i.TM_ADC_INT_Channel_10_Init)
    i.TM_ADC_INT_Channel_11_Init             0x08000cb0   Section        0  .\output\tm_stm32f4_adc.o(i.TM_ADC_INT_Channel_11_Init)
    i.TM_ADC_INT_Channel_12_Init             0x08000cc4   Section        0  .\output\tm_stm32f4_adc.o(i.TM_ADC_INT_Channel_12_Init)
    i.TM_ADC_INT_Channel_13_Init             0x08000cd8   Section        0  .\output\tm_stm32f4_adc.o(i.TM_ADC_INT_Channel_13_Init)
    i.TM_ADC_INT_Channel_14_Init             0x08000cec   Section        0  .\output\tm_stm32f4_adc.o(i.TM_ADC_INT_Channel_14_Init)
    i.TM_ADC_INT_Channel_15_Init             0x08000d28   Section        0  .\output\tm_stm32f4_adc.o(i.TM_ADC_INT_Channel_15_Init)
    i.TM_ADC_INT_Channel_1_Init              0x08000d68   Section        0  .\output\tm_stm32f4_adc.o(i.TM_ADC_INT_Channel_1_Init)
    i.TM_ADC_INT_Channel_2_Init              0x08000d7c   Section        0  .\output\tm_stm32f4_adc.o(i.TM_ADC_INT_Channel_2_Init)
    i.TM_ADC_INT_Channel_3_Init              0x08000d90   Section        0  .\output\tm_stm32f4_adc.o(i.TM_ADC_INT_Channel_3_Init)
    i.TM_ADC_INT_Channel_4_Init              0x08000da4   Section        0  .\output\tm_stm32f4_adc.o(i.TM_ADC_INT_Channel_4_Init)
    i.TM_ADC_INT_Channel_5_Init              0x08000de0   Section        0  .\output\tm_stm32f4_adc.o(i.TM_ADC_INT_Channel_5_Init)
    i.TM_ADC_INT_Channel_6_Init              0x08000e1c   Section        0  .\output\tm_stm32f4_adc.o(i.TM_ADC_INT_Channel_6_Init)
    i.TM_ADC_INT_Channel_7_Init              0x08000e58   Section        0  .\output\tm_stm32f4_adc.o(i.TM_ADC_INT_Channel_7_Init)
    i.TM_ADC_INT_Channel_8_Init              0x08000e94   Section        0  .\output\tm_stm32f4_adc.o(i.TM_ADC_INT_Channel_8_Init)
    i.TM_ADC_INT_Channel_9_Init              0x08000ed0   Section        0  .\output\tm_stm32f4_adc.o(i.TM_ADC_INT_Channel_9_Init)
    i.TM_ADC_INT_InitPin                     0x08000f0c   Section        0  .\output\tm_stm32f4_adc.o(i.TM_ADC_INT_InitPin)
    i.TM_ADC_Init                            0x08000f28   Section        0  .\output\tm_stm32f4_adc.o(i.TM_ADC_Init)
    i.TM_ADC_InitADC                         0x08000ff4   Section        0  .\output\tm_stm32f4_adc.o(i.TM_ADC_InitADC)
    i.TM_ADC_Read                            0x08001094   Section        0  .\output\tm_stm32f4_adc.o(i.TM_ADC_Read)
    i.TM_Config_SysTick_Handler              0x080010d0   Section        0  .\output\tm_stm32f4_delay.o(i.TM_Config_SysTick_Handler)
    i.TM_DELAY_Init                          0x08001180   Section        0  .\output\tm_stm32f4_delay.o(i.TM_DELAY_Init)
    i.TM_GPIO_GetPortSource                  0x08001208   Section        0  .\output\tm_stm32f4_gpio.o(i.TM_GPIO_GetPortSource)
    i.TM_GPIO_INT_EnableClock                0x08001218   Section        0  .\output\tm_stm32f4_gpio.o(i.TM_GPIO_INT_EnableClock)
    i.TM_GPIO_INT_Init                       0x08001238   Section        0  .\output\tm_stm32f4_gpio.o(i.TM_GPIO_INT_Init)
    i.TM_GPIO_Init                           0x080012e8   Section        0  .\output\tm_stm32f4_gpio.o(i.TM_GPIO_Init)
    i.TM_GPIO_InitAlternate                  0x08001318   Section        0  .\output\tm_stm32f4_gpio.o(i.TM_GPIO_InitAlternate)
    i.TM_HD44780_Clear                       0x08001386   Section        0  .\output\tm_stm32f4_hd44780.o(i.TM_HD44780_Clear)
    i.TM_HD44780_Cmd                         0x08001398   Section        0  .\output\tm_stm32f4_hd44780.o(i.TM_HD44780_Cmd)
    TM_HD44780_Cmd                           0x08001399   Thumb Code    28  .\output\tm_stm32f4_hd44780.o(i.TM_HD44780_Cmd)
    i.TM_HD44780_Cmd4bit                     0x080013b8   Section        0  .\output\tm_stm32f4_hd44780.o(i.TM_HD44780_Cmd4bit)
    TM_HD44780_Cmd4bit                       0x080013b9   Thumb Code   124  .\output\tm_stm32f4_hd44780.o(i.TM_HD44780_Cmd4bit)
    i.TM_HD44780_CursorSet                   0x08001438   Section        0  .\output\tm_stm32f4_hd44780.o(i.TM_HD44780_CursorSet)
    TM_HD44780_CursorSet                     0x08001439   Thumb Code    46  .\output\tm_stm32f4_hd44780.o(i.TM_HD44780_CursorSet)
    i.TM_HD44780_Data                        0x08001470   Section        0  .\output\tm_stm32f4_hd44780.o(i.TM_HD44780_Data)
    TM_HD44780_Data                          0x08001471   Thumb Code    28  .\output\tm_stm32f4_hd44780.o(i.TM_HD44780_Data)
    i.TM_HD44780_DisplayOn                   0x08001490   Section        0  .\output\tm_stm32f4_hd44780.o(i.TM_HD44780_DisplayOn)
    i.TM_HD44780_Init                        0x080014b0   Section        0  .\output\tm_stm32f4_hd44780.o(i.TM_HD44780_Init)
    i.TM_HD44780_InitPins                    0x08001554   Section        0  .\output\tm_stm32f4_hd44780.o(i.TM_HD44780_InitPins)
    TM_HD44780_InitPins                      0x08001555   Thumb Code   142  .\output\tm_stm32f4_hd44780.o(i.TM_HD44780_InitPins)
    i.TM_HD44780_Puts                        0x080015e8   Section        0  .\output\tm_stm32f4_hd44780.o(i.TM_HD44780_Puts)
    i.TM_LIS302DL_INT_ReadAxes               0x0800166c   Section        0  .\output\tm_stm32f4_lis302dl_lis3dsh.o(i.TM_LIS302DL_INT_ReadAxes)
    i.TM_LIS302DL_LIS3DSH_Detect             0x08001700   Section        0  .\output\tm_stm32f4_lis302dl_lis3dsh.o(i.TM_LIS302DL_LIS3DSH_Detect)
    i.TM_LIS302DL_LIS3DSH_INT_Delay          0x0800173c   Section        0  .\output\tm_stm32f4_lis302dl_lis3dsh.o(i.TM_LIS302DL_LIS3DSH_INT_Delay)
    i.TM_LIS302DL_LIS3DSH_INT_InitLIS302DL   0x08001750   Section        0  .\output\tm_stm32f4_lis302dl_lis3dsh.o(i.TM_LIS302DL_LIS3DSH_INT_InitLIS302DL)
    i.TM_LIS302DL_LIS3DSH_INT_InitLIS3DSH    0x08001824   Section        0  .\output\tm_stm32f4_lis302dl_lis3dsh.o(i.TM_LIS302DL_LIS3DSH_INT_InitLIS3DSH)
    i.TM_LIS302DL_LIS3DSH_INT_InitPins       0x080018d8   Section        0  .\output\tm_stm32f4_lis302dl_lis3dsh.o(i.TM_LIS302DL_LIS3DSH_INT_InitPins)
    i.TM_LIS302DL_LIS3DSH_INT_ReadSPI        0x08001930   Section        0  .\output\tm_stm32f4_lis302dl_lis3dsh.o(i.TM_LIS302DL_LIS3DSH_INT_ReadSPI)
    i.TM_LIS302DL_LIS3DSH_INT_WriteSPI       0x08001970   Section        0  .\output\tm_stm32f4_lis302dl_lis3dsh.o(i.TM_LIS302DL_LIS3DSH_INT_WriteSPI)
    i.TM_LIS302DL_LIS3DSH_Init               0x080019b4   Section        0  .\output\tm_stm32f4_lis302dl_lis3dsh.o(i.TM_LIS302DL_LIS3DSH_Init)
    i.TM_LIS302DL_LIS3DSH_ReadAxes           0x080019f8   Section        0  .\output\tm_stm32f4_lis302dl_lis3dsh.o(i.TM_LIS302DL_LIS3DSH_ReadAxes)
    i.TM_LIS3DSH_INT_ReadAxes                0x08001a28   Section        0  .\output\tm_stm32f4_lis302dl_lis3dsh.o(i.TM_LIS3DSH_INT_ReadAxes)
    i.TM_SPI1_INT_InitPins                   0x08001af0   Section        0  .\output\tm_stm32f4_spi.o(i.TM_SPI1_INT_InitPins)
    i.TM_SPI2_INT_InitPins                   0x08001b3c   Section        0  .\output\tm_stm32f4_spi.o(i.TM_SPI2_INT_InitPins)
    i.TM_SPI3_INT_InitPins                   0x08001bbc   Section        0  .\output\tm_stm32f4_spi.o(i.TM_SPI3_INT_InitPins)
    i.TM_SPI_Init                            0x08001c0c   Section        0  .\output\tm_stm32f4_spi.o(i.TM_SPI_Init)
    i.TM_SPI_InitCustomPinsCallback          0x08001c74   Section        0  .\output\tm_stm32f4_spi.o(i.TM_SPI_InitCustomPinsCallback)
    i.TM_SPI_ReadMulti                       0x08001c76   Section        0  .\output\tm_stm32f4_spi.o(i.TM_SPI_ReadMulti)
    i.TM_SPI_Send                            0x08001cc4   Section        0  .\output\tm_stm32f4_lis302dl_lis3dsh.o(i.TM_SPI_Send)
    TM_SPI_Send                              0x08001cc5   Thumb Code    66  .\output\tm_stm32f4_lis302dl_lis3dsh.o(i.TM_SPI_Send)
    i.TM_SPI_WriteMulti                      0x08001d06   Section        0  .\output\tm_stm32f4_spi.o(i.TM_SPI_WriteMulti)
    i.TM_SPIx_Init                           0x08001d54   Section        0  .\output\tm_stm32f4_spi.o(i.TM_SPIx_Init)
    TM_SPIx_Init                             0x08001d55   Thumb Code   244  .\output\tm_stm32f4_spi.o(i.TM_SPIx_Init)
    i.USART3_Init                            0x08001e58   Section        0  .\output\hyperion.o(i.USART3_Init)
    i.USART_Cmd                              0x08001f04   Section        0  .\output\stm32f4xx_usart.o(i.USART_Cmd)
    i.USART_ITConfig                         0x08001f1c   Section        0  .\output\stm32f4xx_usart.o(i.USART_ITConfig)
    i.USART_Init                             0x08001f68   Section        0  .\output\stm32f4xx_usart.o(i.USART_Init)
    i.USART_SendData                         0x0800203c   Section        0  .\output\stm32f4xx_usart.o(i.USART_SendData)
    i.USART_SendString                       0x08002044   Section        0  .\output\hyperion.o(i.USART_SendString)
    i.UsageFault_Handler                     0x08002078   Section        0  .\output\stm32f4xx_it.o(i.UsageFault_Handler)
    i.__0sprintf$1                           0x0800207c   Section        0  C:\Keil_v5\ARM\ARMCC\Bin\..\lib\armlib\mc_w.l(printf1.o)(i.__0sprintf$1)
    i.__scatterload_copy                     0x080020a4   Section       14  C:\Keil_v5\ARM\ARMCC\Bin\..\lib\armlib\mc_w.l(handlers.o)(i.__scatterload_copy)
    i.__scatterload_null                     0x080020b2   Section        2  C:\Keil_v5\ARM\ARMCC\Bin\..\lib\armlib\mc_w.l(handlers.o)(i.__scatterload_null)
    i.__scatterload_zeroinit                 0x080020b4   Section       14  C:\Keil_v5\ARM\ARMCC\Bin\..\lib\armlib\mc_w.l(handlers.o)(i.__scatterload_zeroinit)
    i._printf_core                           0x080020c4   Section        0  C:\Keil_v5\ARM\ARMCC\Bin\..\lib\armlib\mc_w.l(printf1.o)(i._printf_core)
    _printf_core                             0x080020c5   Thumb Code   336  C:\Keil_v5\ARM\ARMCC\Bin\..\lib\armlib\mc_w.l(printf1.o)(i._printf_core)
    i._sputc                                 0x08002218   Section        0  C:\Keil_v5\ARM\ARMCC\Bin\..\lib\armlib\mc_w.l(printf1.o)(i._sputc)
    _sputc                                   0x08002219   Thumb Code    10  C:\Keil_v5\ARM\ARMCC\Bin\..\lib\armlib\mc_w.l(printf1.o)(i._sputc)
    i.buttons_init                           0x08002224   Section        0  .\output\hyperion.o(i.buttons_init)
    i.delay                                  0x0800224c   Section        0  .\output\hyperion.o(i.delay)
    i.display_init                           0x08002264   Section        0  .\output\hyperion.o(i.display_init)
    i.leds_init                              0x080022a4   Section        0  .\output\hyperion.o(i.leds_init)
    i.main                                   0x080022e4   Section        0  .\output\main.o(i.main)
    i.map                                    0x08002518   Section        0  .\output\hyperion.o(i.map)
    i.shoot_button                           0x0800253c   Section        0  .\output\hyperion.o(i.shoot_button)
    i.stabilizer_button                      0x08002554   Section        0  .\output\hyperion.o(i.stabilizer_button)
    .data                                    0x20000000   Section       20  .\output\system_stm32f4xx.o(.data)
    .data                                    0x20000014   Section       22  .\output\main.o(.data)
    .data                                    0x2000002a   Section       16  .\output\stm32f4xx_rcc.o(.data)
    APBAHBPrescTable                         0x2000002a   Data          16  .\output\stm32f4xx_rcc.o(.data)
    .data                                    0x2000003a   Section        7  .\output\tm_stm32f4_hd44780.o(.data)
    HD44780_Opts                             0x2000003a   Data           7  .\output\tm_stm32f4_hd44780.o(.data)
    .data                                    0x20000044   Section       17  .\output\tm_stm32f4_delay.o(.data)
    .data                                    0x20000058   Section        9  .\output\tm_stm32f4_lis302dl_lis3dsh.o(.data)
    initialized                              0x20000060   Data           1  .\output\tm_stm32f4_lis302dl_lis3dsh.o(.data)
    .data                                    0x20000062   Section       44  .\output\hyperion.o(.data)
    .bss                                     0x20000090   Section       80  .\output\main.o(.bss)
    .bss                                     0x200000e0   Section       22  .\output\tm_stm32f4_gpio.o(.bss)
    GPIO_UsedPins                            0x200000e0   Data          22  .\output\tm_stm32f4_gpio.o(.bss)
    .bss                                     0x200000f8   Section       24  .\output\tm_stm32f4_delay.o(.bss)
    CustomTimers                             0x200000f8   Data          24  .\output\tm_stm32f4_delay.o(.bss)
    STACK                                    0x20000110   Section     1024  .\output\startup_stm32f4xx.o(STACK)

    Global Symbols

    Symbol Name                              Value     Ov Type        Size  Object(Section)

    BuildAttributes$$THM_ISAv4$E$P$D$K$B$S$7EM$PE$A:L22UL41UL21$X:L11$S22US41US21$IEEE1$IW$USESV6$~STKCKD$USESV7$~SHL$OTIME$ROPI$EBA8$MICROLIB$REQ8$PRES8$EABIv2 0x00000000   Number         0  anon$$obj.o ABSOLUTE
    __ARM_use_no_argv                        0x00000000   Number         0  .\output\main.o ABSOLUTE
    _printf_a                                0x00000000   Number         0  C:\Keil_v5\ARM\ARMCC\Bin\..\lib\armlib\mc_w.l(stubs.o) ABSOLUTE
    _printf_c                                0x00000000   Number         0  C:\Keil_v5\ARM\ARMCC\Bin\..\lib\armlib\mc_w.l(stubs.o) ABSOLUTE
    _printf_charcount                        0x00000000   Number         0  C:\Keil_v5\ARM\ARMCC\Bin\..\lib\armlib\mc_w.l(stubs.o) ABSOLUTE
    _printf_d                                0x00000000   Number         0  C:\Keil_v5\ARM\ARMCC\Bin\..\lib\armlib\mc_w.l(stubs.o) ABSOLUTE
    _printf_e                                0x00000000   Number         0  C:\Keil_v5\ARM\ARMCC\Bin\..\lib\armlib\mc_w.l(stubs.o) ABSOLUTE
    _printf_f                                0x00000000   Number         0  C:\Keil_v5\ARM\ARMCC\Bin\..\lib\armlib\mc_w.l(stubs.o) ABSOLUTE
    _printf_flags                            0x00000000   Number         0  C:\Keil_v5\ARM\ARMCC\Bin\..\lib\armlib\mc_w.l(stubs.o) ABSOLUTE
    _printf_fp_dec                           0x00000000   Number         0  C:\Keil_v5\ARM\ARMCC\Bin\..\lib\armlib\mc_w.l(stubs.o) ABSOLUTE
    _printf_fp_hex                           0x00000000   Number         0  C:\Keil_v5\ARM\ARMCC\Bin\..\lib\armlib\mc_w.l(stubs.o) ABSOLUTE
    _printf_g                                0x00000000   Number         0  C:\Keil_v5\ARM\ARMCC\Bin\..\lib\armlib\mc_w.l(stubs.o) ABSOLUTE
    _printf_i                                0x00000000   Number         0  C:\Keil_v5\ARM\ARMCC\Bin\..\lib\armlib\mc_w.l(stubs.o) ABSOLUTE
    _printf_int_dec                          0x00000000   Number         0  C:\Keil_v5\ARM\ARMCC\Bin\..\lib\armlib\mc_w.l(stubs.o) ABSOLUTE
    _printf_l                                0x00000000   Number         0  C:\Keil_v5\ARM\ARMCC\Bin\..\lib\armlib\mc_w.l(stubs.o) ABSOLUTE
    _printf_lc                               0x00000000   Number         0  C:\Keil_v5\ARM\ARMCC\Bin\..\lib\armlib\mc_w.l(stubs.o) ABSOLUTE
    _printf_ll                               0x00000000   Number         0  C:\Keil_v5\ARM\ARMCC\Bin\..\lib\armlib\mc_w.l(stubs.o) ABSOLUTE
    _printf_lld                              0x00000000   Number         0  C:\Keil_v5\ARM\ARMCC\Bin\..\lib\armlib\mc_w.l(stubs.o) ABSOLUTE
    _printf_lli                              0x00000000   Number         0  C:\Keil_v5\ARM\ARMCC\Bin\..\lib\armlib\mc_w.l(stubs.o) ABSOLUTE
    _printf_llo                              0x00000000   Number         0  C:\Keil_v5\ARM\ARMCC\Bin\..\lib\armlib\mc_w.l(stubs.o) ABSOLUTE
    _printf_llu                              0x00000000   Number         0  C:\Keil_v5\ARM\ARMCC\Bin\..\lib\armlib\mc_w.l(stubs.o) ABSOLUTE
    _printf_llx                              0x00000000   Number         0  C:\Keil_v5\ARM\ARMCC\Bin\..\lib\armlib\mc_w.l(stubs.o) ABSOLUTE
    _printf_longlong_dec                     0x00000000   Number         0  C:\Keil_v5\ARM\ARMCC\Bin\..\lib\armlib\mc_w.l(stubs.o) ABSOLUTE
    _printf_longlong_hex                     0x00000000   Number         0  C:\Keil_v5\ARM\ARMCC\Bin\..\lib\armlib\mc_w.l(stubs.o) ABSOLUTE
    _printf_longlong_oct                     0x00000000   Number         0  C:\Keil_v5\ARM\ARMCC\Bin\..\lib\armlib\mc_w.l(stubs.o) ABSOLUTE
    _printf_ls                               0x00000000   Number         0  C:\Keil_v5\ARM\ARMCC\Bin\..\lib\armlib\mc_w.l(stubs.o) ABSOLUTE
    _printf_mbtowc                           0x00000000   Number         0  C:\Keil_v5\ARM\ARMCC\Bin\..\lib\armlib\mc_w.l(stubs.o) ABSOLUTE
    _printf_n                                0x00000000   Number         0  C:\Keil_v5\ARM\ARMCC\Bin\..\lib\armlib\mc_w.l(stubs.o) ABSOLUTE
    _printf_o                                0x00000000   Number         0  C:\Keil_v5\ARM\ARMCC\Bin\..\lib\armlib\mc_w.l(stubs.o) ABSOLUTE
    _printf_p                                0x00000000   Number         0  C:\Keil_v5\ARM\ARMCC\Bin\..\lib\armlib\mc_w.l(stubs.o) ABSOLUTE
    _printf_percent                          0x00000000   Number         0  C:\Keil_v5\ARM\ARMCC\Bin\..\lib\armlib\mc_w.l(stubs.o) ABSOLUTE
    _printf_pre_padding                      0x00000000   Number         0  C:\Keil_v5\ARM\ARMCC\Bin\..\lib\armlib\mc_w.l(stubs.o) ABSOLUTE
    _printf_return_value                     0x00000000   Number         0  C:\Keil_v5\ARM\ARMCC\Bin\..\lib\armlib\mc_w.l(stubs.o) ABSOLUTE
    _printf_s                                0x00000000   Number         0  C:\Keil_v5\ARM\ARMCC\Bin\..\lib\armlib\mc_w.l(stubs.o) ABSOLUTE
    _printf_sizespec                         0x00000000   Number         0  C:\Keil_v5\ARM\ARMCC\Bin\..\lib\armlib\mc_w.l(stubs.o) ABSOLUTE
    _printf_str                              0x00000000   Number         0  C:\Keil_v5\ARM\ARMCC\Bin\..\lib\armlib\mc_w.l(stubs.o) ABSOLUTE
    _printf_truncate_signed                  0x00000000   Number         0  C:\Keil_v5\ARM\ARMCC\Bin\..\lib\armlib\mc_w.l(stubs.o) ABSOLUTE
    _printf_truncate_unsigned                0x00000000   Number         0  C:\Keil_v5\ARM\ARMCC\Bin\..\lib\armlib\mc_w.l(stubs.o) ABSOLUTE
    _printf_u                                0x00000000   Number         0  C:\Keil_v5\ARM\ARMCC\Bin\..\lib\armlib\mc_w.l(stubs.o) ABSOLUTE
    _printf_wc                               0x00000000   Number         0  C:\Keil_v5\ARM\ARMCC\Bin\..\lib\armlib\mc_w.l(stubs.o) ABSOLUTE
    _printf_wctomb                           0x00000000   Number         0  C:\Keil_v5\ARM\ARMCC\Bin\..\lib\armlib\mc_w.l(stubs.o) ABSOLUTE
    _printf_widthprec                        0x00000000   Number         0  C:\Keil_v5\ARM\ARMCC\Bin\..\lib\armlib\mc_w.l(stubs.o) ABSOLUTE
    _printf_x                                0x00000000   Number         0  C:\Keil_v5\ARM\ARMCC\Bin\..\lib\armlib\mc_w.l(stubs.o) ABSOLUTE
    TM_DELAY_1msHandler                       - Undefined Weak Reference
    __cpp_initialize__aeabi_                  - Undefined Weak Reference
    __cxa_finalize                            - Undefined Weak Reference
    __decompress                              - Undefined Weak Reference
    _clock_init                               - Undefined Weak Reference
    _microlib_exit                            - Undefined Weak Reference
    __Vectors_Size                           0x00000188   Number         0  .\output\startup_stm32f4xx.o ABSOLUTE
    __Vectors                                0x08000000   Data           4  .\output\startup_stm32f4xx.o(RESET)
    __Vectors_End                            0x08000188   Data           0  .\output\startup_stm32f4xx.o(RESET)
    __main                                   0x08000189   Thumb Code     0  C:\Keil_v5\ARM\ARMCC\Bin\..\lib\armlib\mc_w.l(entry.o)(.ARM.Collect$$$$00000000)
    _main_stk                                0x08000189   Thumb Code     0  C:\Keil_v5\ARM\ARMCC\Bin\..\lib\armlib\mc_w.l(entry2.o)(.ARM.Collect$$$$00000001)
    _main_scatterload                        0x0800018d   Thumb Code     0  C:\Keil_v5\ARM\ARMCC\Bin\..\lib\armlib\mc_w.l(entry5.o)(.ARM.Collect$$$$00000004)
    __main_after_scatterload                 0x08000191   Thumb Code     0  C:\Keil_v5\ARM\ARMCC\Bin\..\lib\armlib\mc_w.l(entry5.o)(.ARM.Collect$$$$00000004)
    _main_clock                              0x08000191   Thumb Code     0  C:\Keil_v5\ARM\ARMCC\Bin\..\lib\armlib\mc_w.l(entry7b.o)(.ARM.Collect$$$$00000008)
    _main_cpp_init                           0x08000191   Thumb Code     0  C:\Keil_v5\ARM\ARMCC\Bin\..\lib\armlib\mc_w.l(entry8b.o)(.ARM.Collect$$$$0000000A)
    _main_init                               0x08000191   Thumb Code     0  C:\Keil_v5\ARM\ARMCC\Bin\..\lib\armlib\mc_w.l(entry9a.o)(.ARM.Collect$$$$0000000B)
    __rt_final_cpp                           0x08000199   Thumb Code     0  C:\Keil_v5\ARM\ARMCC\Bin\..\lib\armlib\mc_w.l(entry10a.o)(.ARM.Collect$$$$0000000D)
    __rt_final_exit                          0x08000199   Thumb Code     0  C:\Keil_v5\ARM\ARMCC\Bin\..\lib\armlib\mc_w.l(entry11a.o)(.ARM.Collect$$$$0000000F)
    Reset_Handler                            0x0800019d   Thumb Code     8  .\output\startup_stm32f4xx.o(.text)
    ADC_IRQHandler                           0x080001b7   Thumb Code     0  .\output\startup_stm32f4xx.o(.text)
    CAN1_RX0_IRQHandler                      0x080001b7   Thumb Code     0  .\output\startup_stm32f4xx.o(.text)
    CAN1_RX1_IRQHandler                      0x080001b7   Thumb Code     0  .\output\startup_stm32f4xx.o(.text)
    CAN1_SCE_IRQHandler                      0x080001b7   Thumb Code     0  .\output\startup_stm32f4xx.o(.text)
    CAN1_TX_IRQHandler                       0x080001b7   Thumb Code     0  .\output\startup_stm32f4xx.o(.text)
    CAN2_RX0_IRQHandler                      0x080001b7   Thumb Code     0  .\output\startup_stm32f4xx.o(.text)
    CAN2_RX1_IRQHandler                      0x080001b7   Thumb Code     0  .\output\startup_stm32f4xx.o(.text)
    CAN2_SCE_IRQHandler                      0x080001b7   Thumb Code     0  .\output\startup_stm32f4xx.o(.text)
    CAN2_TX_IRQHandler                       0x080001b7   Thumb Code     0  .\output\startup_stm32f4xx.o(.text)
    CRYP_IRQHandler                          0x080001b7   Thumb Code     0  .\output\startup_stm32f4xx.o(.text)
    DCMI_IRQHandler                          0x080001b7   Thumb Code     0  .\output\startup_stm32f4xx.o(.text)
    DMA1_Stream0_IRQHandler                  0x080001b7   Thumb Code     0  .\output\startup_stm32f4xx.o(.text)
    DMA1_Stream1_IRQHandler                  0x080001b7   Thumb Code     0  .\output\startup_stm32f4xx.o(.text)
    DMA1_Stream2_IRQHandler                  0x080001b7   Thumb Code     0  .\output\startup_stm32f4xx.o(.text)
    DMA1_Stream3_IRQHandler                  0x080001b7   Thumb Code     0  .\output\startup_stm32f4xx.o(.text)
    DMA1_Stream4_IRQHandler                  0x080001b7   Thumb Code     0  .\output\startup_stm32f4xx.o(.text)
    DMA1_Stream5_IRQHandler                  0x080001b7   Thumb Code     0  .\output\startup_stm32f4xx.o(.text)
    DMA1_Stream6_IRQHandler                  0x080001b7   Thumb Code     0  .\output\startup_stm32f4xx.o(.text)
    DMA1_Stream7_IRQHandler                  0x080001b7   Thumb Code     0  .\output\startup_stm32f4xx.o(.text)
    DMA2_Stream0_IRQHandler                  0x080001b7   Thumb Code     0  .\output\startup_stm32f4xx.o(.text)
    DMA2_Stream1_IRQHandler                  0x080001b7   Thumb Code     0  .\output\startup_stm32f4xx.o(.text)
    DMA2_Stream2_IRQHandler                  0x080001b7   Thumb Code     0  .\output\startup_stm32f4xx.o(.text)
    DMA2_Stream3_IRQHandler                  0x080001b7   Thumb Code     0  .\output\startup_stm32f4xx.o(.text)
    DMA2_Stream4_IRQHandler                  0x080001b7   Thumb Code     0  .\output\startup_stm32f4xx.o(.text)
    DMA2_Stream5_IRQHandler                  0x080001b7   Thumb Code     0  .\output\startup_stm32f4xx.o(.text)
    DMA2_Stream6_IRQHandler                  0x080001b7   Thumb Code     0  .\output\startup_stm32f4xx.o(.text)
    DMA2_Stream7_IRQHandler                  0x080001b7   Thumb Code     0  .\output\startup_stm32f4xx.o(.text)
    ETH_IRQHandler                           0x080001b7   Thumb Code     0  .\output\startup_stm32f4xx.o(.text)
    ETH_WKUP_IRQHandler                      0x080001b7   Thumb Code     0  .\output\startup_stm32f4xx.o(.text)
    EXTI0_IRQHandler                         0x080001b7   Thumb Code     0  .\output\startup_stm32f4xx.o(.text)
    EXTI15_10_IRQHandler                     0x080001b7   Thumb Code     0  .\output\startup_stm32f4xx.o(.text)
    EXTI1_IRQHandler                         0x080001b7   Thumb Code     0  .\output\startup_stm32f4xx.o(.text)
    EXTI2_IRQHandler                         0x080001b7   Thumb Code     0  .\output\startup_stm32f4xx.o(.text)
    EXTI3_IRQHandler                         0x080001b7   Thumb Code     0  .\output\startup_stm32f4xx.o(.text)
    EXTI4_IRQHandler                         0x080001b7   Thumb Code     0  .\output\startup_stm32f4xx.o(.text)
    EXTI9_5_IRQHandler                       0x080001b7   Thumb Code     0  .\output\startup_stm32f4xx.o(.text)
    FLASH_IRQHandler                         0x080001b7   Thumb Code     0  .\output\startup_stm32f4xx.o(.text)
    FPU_IRQHandler                           0x080001b7   Thumb Code     0  .\output\startup_stm32f4xx.o(.text)
    FSMC_IRQHandler                          0x080001b7   Thumb Code     0  .\output\startup_stm32f4xx.o(.text)
    HASH_RNG_IRQHandler                      0x080001b7   Thumb Code     0  .\output\startup_stm32f4xx.o(.text)
    I2C1_ER_IRQHandler                       0x080001b7   Thumb Code     0  .\output\startup_stm32f4xx.o(.text)
    I2C1_EV_IRQHandler                       0x080001b7   Thumb Code     0  .\output\startup_stm32f4xx.o(.text)
    I2C2_ER_IRQHandler                       0x080001b7   Thumb Code     0  .\output\startup_stm32f4xx.o(.text)
    I2C2_EV_IRQHandler                       0x080001b7   Thumb Code     0  .\output\startup_stm32f4xx.o(.text)
    I2C3_ER_IRQHandler                       0x080001b7   Thumb Code     0  .\output\startup_stm32f4xx.o(.text)
    I2C3_EV_IRQHandler                       0x080001b7   Thumb Code     0  .\output\startup_stm32f4xx.o(.text)
    OTG_FS_IRQHandler                        0x080001b7   Thumb Code     0  .\output\startup_stm32f4xx.o(.text)
    OTG_FS_WKUP_IRQHandler                   0x080001b7   Thumb Code     0  .\output\startup_stm32f4xx.o(.text)
    OTG_HS_EP1_IN_IRQHandler                 0x080001b7   Thumb Code     0  .\output\startup_stm32f4xx.o(.text)
    OTG_HS_EP1_OUT_IRQHandler                0x080001b7   Thumb Code     0  .\output\startup_stm32f4xx.o(.text)
    OTG_HS_IRQHandler                        0x080001b7   Thumb Code     0  .\output\startup_stm32f4xx.o(.text)
    OTG_HS_WKUP_IRQHandler                   0x080001b7   Thumb Code     0  .\output\startup_stm32f4xx.o(.text)
    PVD_IRQHandler                           0x080001b7   Thumb Code     0  .\output\startup_stm32f4xx.o(.text)
    RCC_IRQHandler                           0x080001b7   Thumb Code     0  .\output\startup_stm32f4xx.o(.text)
    RTC_Alarm_IRQHandler                     0x080001b7   Thumb Code     0  .\output\startup_stm32f4xx.o(.text)
    RTC_WKUP_IRQHandler                      0x080001b7   Thumb Code     0  .\output\startup_stm32f4xx.o(.text)
    SDIO_IRQHandler                          0x080001b7   Thumb Code     0  .\output\startup_stm32f4xx.o(.text)
    SPI1_IRQHandler                          0x080001b7   Thumb Code     0  .\output\startup_stm32f4xx.o(.text)
    SPI2_IRQHandler                          0x080001b7   Thumb Code     0  .\output\startup_stm32f4xx.o(.text)
    SPI3_IRQHandler                          0x080001b7   Thumb Code     0  .\output\startup_stm32f4xx.o(.text)
    TAMP_STAMP_IRQHandler                    0x080001b7   Thumb Code     0  .\output\startup_stm32f4xx.o(.text)
    TIM1_BRK_TIM9_IRQHandler                 0x080001b7   Thumb Code     0  .\output\startup_stm32f4xx.o(.text)
    TIM1_CC_IRQHandler                       0x080001b7   Thumb Code     0  .\output\startup_stm32f4xx.o(.text)
    TIM1_TRG_COM_TIM11_IRQHandler            0x080001b7   Thumb Code     0  .\output\startup_stm32f4xx.o(.text)
    TIM1_UP_TIM10_IRQHandler                 0x080001b7   Thumb Code     0  .\output\startup_stm32f4xx.o(.text)
    TIM2_IRQHandler                          0x080001b7   Thumb Code     0  .\output\startup_stm32f4xx.o(.text)
    TIM3_IRQHandler                          0x080001b7   Thumb Code     0  .\output\startup_stm32f4xx.o(.text)
    TIM4_IRQHandler                          0x080001b7   Thumb Code     0  .\output\startup_stm32f4xx.o(.text)
    TIM5_IRQHandler                          0x080001b7   Thumb Code     0  .\output\startup_stm32f4xx.o(.text)
    TIM6_DAC_IRQHandler                      0x080001b7   Thumb Code     0  .\output\startup_stm32f4xx.o(.text)
    TIM7_IRQHandler                          0x080001b7   Thumb Code     0  .\output\startup_stm32f4xx.o(.text)
    TIM8_BRK_TIM12_IRQHandler                0x080001b7   Thumb Code     0  .\output\startup_stm32f4xx.o(.text)
    TIM8_CC_IRQHandler                       0x080001b7   Thumb Code     0  .\output\startup_stm32f4xx.o(.text)
    TIM8_TRG_COM_TIM14_IRQHandler            0x080001b7   Thumb Code     0  .\output\startup_stm32f4xx.o(.text)
    TIM8_UP_TIM13_IRQHandler                 0x080001b7   Thumb Code     0  .\output\startup_stm32f4xx.o(.text)
    UART4_IRQHandler                         0x080001b7   Thumb Code     0  .\output\startup_stm32f4xx.o(.text)
    UART5_IRQHandler                         0x080001b7   Thumb Code     0  .\output\startup_stm32f4xx.o(.text)
    USART1_IRQHandler                        0x080001b7   Thumb Code     0  .\output\startup_stm32f4xx.o(.text)
    USART2_IRQHandler                        0x080001b7   Thumb Code     0  .\output\startup_stm32f4xx.o(.text)
    USART3_IRQHandler                        0x080001b7   Thumb Code     0  .\output\startup_stm32f4xx.o(.text)
    USART6_IRQHandler                        0x080001b7   Thumb Code     0  .\output\startup_stm32f4xx.o(.text)
    WWDG_IRQHandler                          0x080001b7   Thumb Code     0  .\output\startup_stm32f4xx.o(.text)
    strcat                                   0x080001c1   Thumb Code    24  C:\Keil_v5\ARM\ARMCC\Bin\..\lib\armlib\mc_w.l(strcat.o)(.text)
    strlen                                   0x080001d9   Thumb Code    14  C:\Keil_v5\ARM\ARMCC\Bin\..\lib\armlib\mc_w.l(strlen.o)(.text)
    __aeabi_fmul                             0x080001e7   Thumb Code   100  C:\Keil_v5\ARM\ARMCC\Bin\..\lib\armlib\mf_w.l(fmul.o)(.text)
    __aeabi_dmul                             0x0800024b   Thumb Code   228  C:\Keil_v5\ARM\ARMCC\Bin\..\lib\armlib\mf_w.l(dmul.o)(.text)
    __aeabi_i2f                              0x0800032f   Thumb Code    18  C:\Keil_v5\ARM\ARMCC\Bin\..\lib\armlib\mf_w.l(fflti.o)(.text)
    __aeabi_i2d                              0x08000341   Thumb Code    34  C:\Keil_v5\ARM\ARMCC\Bin\..\lib\armlib\mf_w.l(dflti.o)(.text)
    __aeabi_f2iz                             0x08000363   Thumb Code    50  C:\Keil_v5\ARM\ARMCC\Bin\..\lib\armlib\mf_w.l(ffixi.o)(.text)
    __aeabi_d2iz                             0x08000395   Thumb Code    62  C:\Keil_v5\ARM\ARMCC\Bin\..\lib\armlib\mf_w.l(dfixi.o)(.text)
    __aeabi_uidiv                            0x080003d3   Thumb Code     0  C:\Keil_v5\ARM\ARMCC\Bin\..\lib\armlib\mc_w.l(uidiv.o)(.text)
    __aeabi_uidivmod                         0x080003d3   Thumb Code    44  C:\Keil_v5\ARM\ARMCC\Bin\..\lib\armlib\mc_w.l(uidiv.o)(.text)
    __aeabi_llsr                             0x080003ff   Thumb Code    32  C:\Keil_v5\ARM\ARMCC\Bin\..\lib\armlib\mc_w.l(llushr.o)(.text)
    _ll_ushift_r                             0x080003ff   Thumb Code     0  C:\Keil_v5\ARM\ARMCC\Bin\..\lib\armlib\mc_w.l(llushr.o)(.text)
    __I$use$fp                               0x0800041f   Thumb Code     0  C:\Keil_v5\ARM\ARMCC\Bin\..\lib\armlib\mc_w.l(iusefp.o)(.text)
    _float_round                             0x0800041f   Thumb Code    18  C:\Keil_v5\ARM\ARMCC\Bin\..\lib\armlib\mf_w.l(fepilogue.o)(.text)
    _float_epilogue                          0x08000431   Thumb Code    92  C:\Keil_v5\ARM\ARMCC\Bin\..\lib\armlib\mf_w.l(fepilogue.o)(.text)
    _double_round                            0x0800048d   Thumb Code    30  C:\Keil_v5\ARM\ARMCC\Bin\..\lib\armlib\mf_w.l(depilogue.o)(.text)
    _double_epilogue                         0x080004ab   Thumb Code   156  C:\Keil_v5\ARM\ARMCC\Bin\..\lib\armlib\mf_w.l(depilogue.o)(.text)
    __scatterload                            0x08000549   Thumb Code    28  C:\Keil_v5\ARM\ARMCC\Bin\..\lib\armlib\mc_w.l(init.o)(.text)
    __scatterload_rt2                        0x08000549   Thumb Code     0  C:\Keil_v5\ARM\ARMCC\Bin\..\lib\armlib\mc_w.l(init.o)(.text)
    __aeabi_llsl                             0x0800056d   Thumb Code    30  C:\Keil_v5\ARM\ARMCC\Bin\..\lib\armlib\mc_w.l(llshl.o)(.text)
    _ll_shift_l                              0x0800056d   Thumb Code     0  C:\Keil_v5\ARM\ARMCC\Bin\..\lib\armlib\mc_w.l(llshl.o)(.text)
    ADC_CommonInit                           0x0800058d   Thumb Code    34  .\output\stm32f4xx_adc.o(i.ADC_CommonInit)
    ADC_Init                                 0x080005bd   Thumb Code    74  .\output\stm32f4xx_adc.o(i.ADC_Init)
    ADC_RegularChannelConfig                 0x08000611   Thumb Code   184  .\output\stm32f4xx_adc.o(i.ADC_RegularChannelConfig)
    BusFault_Handler                         0x080006c9   Thumb Code     4  .\output\stm32f4xx_it.o(i.BusFault_Handler)
    DebugMon_Handler                         0x080006cd   Thumb Code     2  .\output\stm32f4xx_it.o(i.DebugMon_Handler)
    GPIO_Init                                0x080006e9   Thumb Code   144  .\output\stm32f4xx_gpio.o(i.GPIO_Init)
    GPIO_PinAFConfig                         0x08000779   Thumb Code    70  .\output\stm32f4xx_gpio.o(i.GPIO_PinAFConfig)
    GPIO_ReadInputDataBit                    0x080007bf   Thumb Code    18  .\output\stm32f4xx_gpio.o(i.GPIO_ReadInputDataBit)
    GPIO_ReadOutputData                      0x080007d1   Thumb Code     8  .\output\stm32f4xx_gpio.o(i.GPIO_ReadOutputData)
    GPIO_Write                               0x080007d9   Thumb Code     4  .\output\stm32f4xx_gpio.o(i.GPIO_Write)
    HardFault_Handler                        0x080007dd   Thumb Code     4  .\output\stm32f4xx_it.o(i.HardFault_Handler)
    MemManage_Handler                        0x080007e1   Thumb Code     4  .\output\stm32f4xx_it.o(i.MemManage_Handler)
    NMI_Handler                              0x080007e5   Thumb Code     2  .\output\stm32f4xx_it.o(i.NMI_Handler)
    NVIC_Init                                0x080007e9   Thumb Code   106  .\output\misc.o(i.NVIC_Init)
    PendSV_Handler                           0x08000861   Thumb Code     2  .\output\stm32f4xx_it.o(i.PendSV_Handler)
    RCC_AHB1PeriphClockCmd                   0x08000865   Thumb Code    26  .\output\stm32f4xx_rcc.o(i.RCC_AHB1PeriphClockCmd)
    RCC_APB1PeriphClockCmd                   0x08000885   Thumb Code    26  .\output\stm32f4xx_rcc.o(i.RCC_APB1PeriphClockCmd)
    RCC_GetClocksFreq                        0x080008a5   Thumb Code   214  .\output\stm32f4xx_rcc.o(i.RCC_GetClocksFreq)
    SPI_Init                                 0x0800098d   Thumb Code    60  .\output\stm32f4xx_spi.o(i.SPI_Init)
    SPI_StructInit                           0x080009c9   Thumb Code    24  .\output\stm32f4xx_spi.o(i.SPI_StructInit)
    SVC_Handler                              0x080009e1   Thumb Code     2  .\output\stm32f4xx_it.o(i.SVC_Handler)
    ShowDisplay                              0x08000ad1   Thumb Code    46  .\output\hyperion.o(i.ShowDisplay)
    ShowLeds                                 0x08000b0d   Thumb Code    98  .\output\hyperion.o(i.ShowLeds)
    SysTick_Handler                          0x08000b7d   Thumb Code    28  .\output\stm32f4xx_it.o(i.SysTick_Handler)
    SystemInit                               0x08000ba1   Thumb Code    74  .\output\system_stm32f4xx.o(i.SystemInit)
    System_Init                              0x08000bfd   Thumb Code   122  .\output\hyperion.o(i.System_Init)
    TM_ADC_INT_Channel_0_Init                0x08000c89   Thumb Code    14  .\output\tm_stm32f4_adc.o(i.TM_ADC_INT_Channel_0_Init)
    TM_ADC_INT_Channel_10_Init               0x08000c9d   Thumb Code    14  .\output\tm_stm32f4_adc.o(i.TM_ADC_INT_Channel_10_Init)
    TM_ADC_INT_Channel_11_Init               0x08000cb1   Thumb Code    14  .\output\tm_stm32f4_adc.o(i.TM_ADC_INT_Channel_11_Init)
    TM_ADC_INT_Channel_12_Init               0x08000cc5   Thumb Code    14  .\output\tm_stm32f4_adc.o(i.TM_ADC_INT_Channel_12_Init)
    TM_ADC_INT_Channel_13_Init               0x08000cd9   Thumb Code    14  .\output\tm_stm32f4_adc.o(i.TM_ADC_INT_Channel_13_Init)
    TM_ADC_INT_Channel_14_Init               0x08000ced   Thumb Code    40  .\output\tm_stm32f4_adc.o(i.TM_ADC_INT_Channel_14_Init)
    TM_ADC_INT_Channel_15_Init               0x08000d29   Thumb Code    42  .\output\tm_stm32f4_adc.o(i.TM_ADC_INT_Channel_15_Init)
    TM_ADC_INT_Channel_1_Init                0x08000d69   Thumb Code    14  .\output\tm_stm32f4_adc.o(i.TM_ADC_INT_Channel_1_Init)
    TM_ADC_INT_Channel_2_Init                0x08000d7d   Thumb Code    14  .\output\tm_stm32f4_adc.o(i.TM_ADC_INT_Channel_2_Init)
    TM_ADC_INT_Channel_3_Init                0x08000d91   Thumb Code    14  .\output\tm_stm32f4_adc.o(i.TM_ADC_INT_Channel_3_Init)
    TM_ADC_INT_Channel_4_Init                0x08000da5   Thumb Code    40  .\output\tm_stm32f4_adc.o(i.TM_ADC_INT_Channel_4_Init)
    TM_ADC_INT_Channel_5_Init                0x08000de1   Thumb Code    40  .\output\tm_stm32f4_adc.o(i.TM_ADC_INT_Channel_5_Init)
    TM_ADC_INT_Channel_6_Init                0x08000e1d   Thumb Code    40  .\output\tm_stm32f4_adc.o(i.TM_ADC_INT_Channel_6_Init)
    TM_ADC_INT_Channel_7_Init                0x08000e59   Thumb Code    40  .\output\tm_stm32f4_adc.o(i.TM_ADC_INT_Channel_7_Init)
    TM_ADC_INT_Channel_8_Init                0x08000e95   Thumb Code    40  .\output\tm_stm32f4_adc.o(i.TM_ADC_INT_Channel_8_Init)
    TM_ADC_INT_Channel_9_Init                0x08000ed1   Thumb Code    40  .\output\tm_stm32f4_adc.o(i.TM_ADC_INT_Channel_9_Init)
    TM_ADC_INT_InitPin                       0x08000f0d   Thumb Code    28  .\output\tm_stm32f4_adc.o(i.TM_ADC_INT_InitPin)
    TM_ADC_Init                              0x08000f29   Thumb Code   204  .\output\tm_stm32f4_adc.o(i.TM_ADC_Init)
    TM_ADC_InitADC                           0x08000ff5   Thumb Code   144  .\output\tm_stm32f4_adc.o(i.TM_ADC_InitADC)
    TM_ADC_Read                              0x08001095   Thumb Code    58  .\output\tm_stm32f4_adc.o(i.TM_ADC_Read)
    TM_Config_SysTick_Handler                0x080010d1   Thumb Code   162  .\output\tm_stm32f4_delay.o(i.TM_Config_SysTick_Handler)
    TM_DELAY_Init                            0x08001181   Thumb Code   112  .\output\tm_stm32f4_delay.o(i.TM_DELAY_Init)
    TM_GPIO_GetPortSource                    0x08001209   Thumb Code    14  .\output\tm_stm32f4_gpio.o(i.TM_GPIO_GetPortSource)
    TM_GPIO_INT_EnableClock                  0x08001219   Thumb Code    28  .\output\tm_stm32f4_gpio.o(i.TM_GPIO_INT_EnableClock)
    TM_GPIO_INT_Init                         0x08001239   Thumb Code   170  .\output\tm_stm32f4_gpio.o(i.TM_GPIO_INT_Init)
    TM_GPIO_Init                             0x080012e9   Thumb Code    48  .\output\tm_stm32f4_gpio.o(i.TM_GPIO_Init)
    TM_GPIO_InitAlternate                    0x08001319   Thumb Code   110  .\output\tm_stm32f4_gpio.o(i.TM_GPIO_InitAlternate)
    TM_HD44780_Clear                         0x08001387   Thumb Code    18  .\output\tm_stm32f4_hd44780.o(i.TM_HD44780_Clear)
    TM_HD44780_DisplayOn                     0x08001491   Thumb Code    26  .\output\tm_stm32f4_hd44780.o(i.TM_HD44780_DisplayOn)
    TM_HD44780_Init                          0x080014b1   Thumb Code   158  .\output\tm_stm32f4_hd44780.o(i.TM_HD44780_Init)
    TM_HD44780_Puts                          0x080015e9   Thumb Code   126  .\output\tm_stm32f4_hd44780.o(i.TM_HD44780_Puts)
    TM_LIS302DL_INT_ReadAxes                 0x0800166d   Thumb Code   144  .\output\tm_stm32f4_lis302dl_lis3dsh.o(i.TM_LIS302DL_INT_ReadAxes)
    TM_LIS302DL_LIS3DSH_Detect               0x08001701   Thumb Code    56  .\output\tm_stm32f4_lis302dl_lis3dsh.o(i.TM_LIS302DL_LIS3DSH_Detect)
    TM_LIS302DL_LIS3DSH_INT_Delay            0x0800173d   Thumb Code    14  .\output\tm_stm32f4_lis302dl_lis3dsh.o(i.TM_LIS302DL_LIS3DSH_INT_Delay)
    TM_LIS302DL_LIS3DSH_INT_InitLIS302DL     0x08001751   Thumb Code   198  .\output\tm_stm32f4_lis302dl_lis3dsh.o(i.TM_LIS302DL_LIS3DSH_INT_InitLIS302DL)
    TM_LIS302DL_LIS3DSH_INT_InitLIS3DSH      0x08001825   Thumb Code   156  .\output\tm_stm32f4_lis302dl_lis3dsh.o(i.TM_LIS302DL_LIS3DSH_INT_InitLIS3DSH)
    TM_LIS302DL_LIS3DSH_INT_InitPins         0x080018d9   Thumb Code    76  .\output\tm_stm32f4_lis302dl_lis3dsh.o(i.TM_LIS302DL_LIS3DSH_INT_InitPins)
    TM_LIS302DL_LIS3DSH_INT_ReadSPI          0x08001931   Thumb Code    54  .\output\tm_stm32f4_lis302dl_lis3dsh.o(i.TM_LIS302DL_LIS3DSH_INT_ReadSPI)
    TM_LIS302DL_LIS3DSH_INT_WriteSPI         0x08001971   Thumb Code    56  .\output\tm_stm32f4_lis302dl_lis3dsh.o(i.TM_LIS302DL_LIS3DSH_INT_WriteSPI)
    TM_LIS302DL_LIS3DSH_Init                 0x080019b5   Thumb Code    64  .\output\tm_stm32f4_lis302dl_lis3dsh.o(i.TM_LIS302DL_LIS3DSH_Init)
    TM_LIS302DL_LIS3DSH_ReadAxes             0x080019f9   Thumb Code    44  .\output\tm_stm32f4_lis302dl_lis3dsh.o(i.TM_LIS302DL_LIS3DSH_ReadAxes)
    TM_LIS3DSH_INT_ReadAxes                  0x08001a29   Thumb Code   194  .\output\tm_stm32f4_lis302dl_lis3dsh.o(i.TM_LIS3DSH_INT_ReadAxes)
    TM_SPI1_INT_InitPins                     0x08001af1   Thumb Code    64  .\output\tm_stm32f4_spi.o(i.TM_SPI1_INT_InitPins)
    TM_SPI2_INT_InitPins                     0x08001b3d   Thumb Code   112  .\output\tm_stm32f4_spi.o(i.TM_SPI2_INT_InitPins)
    TM_SPI3_INT_InitPins                     0x08001bbd   Thumb Code    66  .\output\tm_stm32f4_spi.o(i.TM_SPI3_INT_InitPins)
    TM_SPI_Init                              0x08001c0d   Thumb Code    92  .\output\tm_stm32f4_spi.o(i.TM_SPI_Init)
    TM_SPI_InitCustomPinsCallback            0x08001c75   Thumb Code     2  .\output\tm_stm32f4_spi.o(i.TM_SPI_InitCustomPinsCallback)
    TM_SPI_ReadMulti                         0x08001c77   Thumb Code    78  .\output\tm_stm32f4_spi.o(i.TM_SPI_ReadMulti)
    TM_SPI_WriteMulti                        0x08001d07   Thumb Code    78  .\output\tm_stm32f4_spi.o(i.TM_SPI_WriteMulti)
    USART3_Init                              0x08001e59   Thumb Code   164  .\output\hyperion.o(i.USART3_Init)
    USART_Cmd                                0x08001f05   Thumb Code    24  .\output\stm32f4xx_usart.o(i.USART_Cmd)
    USART_ITConfig                           0x08001f1d   Thumb Code    74  .\output\stm32f4xx_usart.o(i.USART_ITConfig)
    USART_Init                               0x08001f69   Thumb Code   204  .\output\stm32f4xx_usart.o(i.USART_Init)
    USART_SendData                           0x0800203d   Thumb Code     8  .\output\stm32f4xx_usart.o(i.USART_SendData)
    USART_SendString                         0x08002045   Thumb Code    52  .\output\hyperion.o(i.USART_SendString)
    UsageFault_Handler                       0x08002079   Thumb Code     4  .\output\stm32f4xx_it.o(i.UsageFault_Handler)
    __0sprintf$1                             0x0800207d   Thumb Code    34  C:\Keil_v5\ARM\ARMCC\Bin\..\lib\armlib\mc_w.l(printf1.o)(i.__0sprintf$1)
    __1sprintf$1                             0x0800207d   Thumb Code     0  C:\Keil_v5\ARM\ARMCC\Bin\..\lib\armlib\mc_w.l(printf1.o)(i.__0sprintf$1)
    __2sprintf                               0x0800207d   Thumb Code     0  C:\Keil_v5\ARM\ARMCC\Bin\..\lib\armlib\mc_w.l(printf1.o)(i.__0sprintf$1)
    __scatterload_copy                       0x080020a5   Thumb Code    14  C:\Keil_v5\ARM\ARMCC\Bin\..\lib\armlib\mc_w.l(handlers.o)(i.__scatterload_copy)
    __scatterload_null                       0x080020b3   Thumb Code     2  C:\Keil_v5\ARM\ARMCC\Bin\..\lib\armlib\mc_w.l(handlers.o)(i.__scatterload_null)
    __scatterload_zeroinit                   0x080020b5   Thumb Code    14  C:\Keil_v5\ARM\ARMCC\Bin\..\lib\armlib\mc_w.l(handlers.o)(i.__scatterload_zeroinit)
    buttons_init                             0x08002225   Thumb Code    36  .\output\hyperion.o(i.buttons_init)
    delay                                    0x0800224d   Thumb Code    18  .\output\hyperion.o(i.delay)
    display_init                             0x08002265   Thumb Code    56  .\output\hyperion.o(i.display_init)
    leds_init                                0x080022a5   Thumb Code    56  .\output\hyperion.o(i.leds_init)
    main                                     0x080022e5   Thumb Code   486  .\output\main.o(i.main)
    map                                      0x08002519   Thumb Code    34  .\output\hyperion.o(i.map)
    shoot_button                             0x0800253d   Thumb Code    20  .\output\hyperion.o(i.shoot_button)
    stabilizer_button                        0x08002555   Thumb Code    20  .\output\hyperion.o(i.stabilizer_button)
    Region$$Table$$Base                      0x0800256c   Number         0  anon$$obj.o(Region$$Table)
    Region$$Table$$Limit                     0x0800258c   Number         0  anon$$obj.o(Region$$Table)
    SystemCoreClock                          0x20000000   Data           4  .\output\system_stm32f4xx.o(.data)
    AHBPrescTable                            0x20000004   Data          16  .\output\system_stm32f4xx.o(.data)
    machineAxesX                             0x20000014   Data           5  .\output\main.o(.data)
    machineAxesY                             0x20000019   Data           5  .\output\main.o(.data)
    shoot                                    0x2000001e   Data           2  .\output\main.o(.data)
    stabilizer                               0x20000020   Data           1  .\output\main.o(.data)
    count_lcd                                0x20000022   Data           2  .\output\main.o(.data)
    Axes_Data                                0x20000024   Data           6  .\output\main.o(.data)
    TM_TimingDelay                           0x20000044   Data           4  .\output\tm_stm32f4_delay.o(.data)
    TM_Time                                  0x20000048   Data           4  .\output\tm_stm32f4_delay.o(.data)
    TM_Time2                                 0x2000004c   Data           4  .\output\tm_stm32f4_delay.o(.data)
    mult                                     0x20000050   Data           4  .\output\tm_stm32f4_delay.o(.data)
    TM_DELAY_Initialized                     0x20000054   Data           1  .\output\tm_stm32f4_delay.o(.data)
    TM_LIS302DL_LIS3DSH_INT_Device           0x20000058   Data           1  .\output\tm_stm32f4_lis302dl_lis3dsh.o(.data)
    TM_LIS3DSH_INT_Sensitivity               0x2000005c   Data           4  .\output\tm_stm32f4_lis302dl_lis3dsh.o(.data)
    count_system                             0x20000062   Data           2  .\output\hyperion.o(.data)
    PuertoE                                  0x20000064   Data           2  .\output\hyperion.o(.data)
    display                                  0x20000066   Data          20  .\output\hyperion.o(.data)
    PuertoD                                  0x2000007a   Data           2  .\output\hyperion.o(.data)
    LEDS                                     0x2000007c   Data          18  .\output\hyperion.o(.data)
    pot                                      0x20000090   Data          20  .\output\main.o(.bss)
    axesX                                    0x200000a4   Data          20  .\output\main.o(.bss)
    axesY                                    0x200000b8   Data          20  .\output\main.o(.bss)
    data                                     0x200000cc   Data          20  .\output\main.o(.bss)
    __initial_sp                             0x20000510   Data           0  .\output\startup_stm32f4xx.o(STACK)



==============================================================================

Memory Map of the image

  Image Entry point : 0x08000189

  Load Region LR_IROM1 (Base: 0x08000000, Size: 0x0000261c, Max: 0x00100000, ABSOLUTE)

    Execution Region ER_IROM1 (Base: 0x08000000, Size: 0x0000258c, Max: 0x00100000, ABSOLUTE)

    Base Addr    Size         Type   Attr      Idx    E Section Name        Object

    0x08000000   0x00000188   Data   RO         1062    RESET               .\output\startup_stm32f4xx.o
    0x08000188   0x00000000   Code   RO         2277  * .ARM.Collect$$$$00000000  C:\Keil_v5\ARM\ARMCC\Bin\..\lib\armlib\mc_w.l(entry.o)
    0x08000188   0x00000004   Code   RO         2593    .ARM.Collect$$$$00000001  C:\Keil_v5\ARM\ARMCC\Bin\..\lib\armlib\mc_w.l(entry2.o)
    0x0800018c   0x00000004   Code   RO         2596    .ARM.Collect$$$$00000004  C:\Keil_v5\ARM\ARMCC\Bin\..\lib\armlib\mc_w.l(entry5.o)
    0x08000190   0x00000000   Code   RO         2598    .ARM.Collect$$$$00000008  C:\Keil_v5\ARM\ARMCC\Bin\..\lib\armlib\mc_w.l(entry7b.o)
    0x08000190   0x00000000   Code   RO         2600    .ARM.Collect$$$$0000000A  C:\Keil_v5\ARM\ARMCC\Bin\..\lib\armlib\mc_w.l(entry8b.o)
    0x08000190   0x00000008   Code   RO         2601    .ARM.Collect$$$$0000000B  C:\Keil_v5\ARM\ARMCC\Bin\..\lib\armlib\mc_w.l(entry9a.o)
    0x08000198   0x00000000   Code   RO         2603    .ARM.Collect$$$$0000000D  C:\Keil_v5\ARM\ARMCC\Bin\..\lib\armlib\mc_w.l(entry10a.o)
    0x08000198   0x00000000   Code   RO         2605    .ARM.Collect$$$$0000000F  C:\Keil_v5\ARM\ARMCC\Bin\..\lib\armlib\mc_w.l(entry11a.o)
    0x08000198   0x00000004   Code   RO         2594    .ARM.Collect$$$$00002712  C:\Keil_v5\ARM\ARMCC\Bin\..\lib\armlib\mc_w.l(entry2.o)
    0x0800019c   0x00000024   Code   RO         1063    .text               .\output\startup_stm32f4xx.o
    0x080001c0   0x00000018   Code   RO         2280    .text               C:\Keil_v5\ARM\ARMCC\Bin\..\lib\armlib\mc_w.l(strcat.o)
    0x080001d8   0x0000000e   Code   RO         2282    .text               C:\Keil_v5\ARM\ARMCC\Bin\..\lib\armlib\mc_w.l(strlen.o)
    0x080001e6   0x00000064   Code   RO         2573    .text               C:\Keil_v5\ARM\ARMCC\Bin\..\lib\armlib\mf_w.l(fmul.o)
    0x0800024a   0x000000e4   Code   RO         2575    .text               C:\Keil_v5\ARM\ARMCC\Bin\..\lib\armlib\mf_w.l(dmul.o)
    0x0800032e   0x00000012   Code   RO         2579    .text               C:\Keil_v5\ARM\ARMCC\Bin\..\lib\armlib\mf_w.l(fflti.o)
    0x08000340   0x00000022   Code   RO         2581    .text               C:\Keil_v5\ARM\ARMCC\Bin\..\lib\armlib\mf_w.l(dflti.o)
    0x08000362   0x00000032   Code   RO         2585    .text               C:\Keil_v5\ARM\ARMCC\Bin\..\lib\armlib\mf_w.l(ffixi.o)
    0x08000394   0x0000003e   Code   RO         2587    .text               C:\Keil_v5\ARM\ARMCC\Bin\..\lib\armlib\mf_w.l(dfixi.o)
    0x080003d2   0x0000002c   Code   RO         2607    .text               C:\Keil_v5\ARM\ARMCC\Bin\..\lib\armlib\mc_w.l(uidiv.o)
    0x080003fe   0x00000020   Code   RO         2611    .text               C:\Keil_v5\ARM\ARMCC\Bin\..\lib\armlib\mc_w.l(llushr.o)
    0x0800041e   0x00000000   Code   RO         2619    .text               C:\Keil_v5\ARM\ARMCC\Bin\..\lib\armlib\mc_w.l(iusefp.o)
    0x0800041e   0x0000006e   Code   RO         2620    .text               C:\Keil_v5\ARM\ARMCC\Bin\..\lib\armlib\mf_w.l(fepilogue.o)
    0x0800048c   0x000000ba   Code   RO         2622    .text               C:\Keil_v5\ARM\ARMCC\Bin\..\lib\armlib\mf_w.l(depilogue.o)
    0x08000546   0x00000002   PAD
    0x08000548   0x00000024   Code   RO         2630    .text               C:\Keil_v5\ARM\ARMCC\Bin\..\lib\armlib\mc_w.l(init.o)
    0x0800056c   0x0000001e   Code   RO         2632    .text               C:\Keil_v5\ARM\ARMCC\Bin\..\lib\armlib\mc_w.l(llshl.o)
    0x0800058a   0x00000002   PAD
    0x0800058c   0x00000030   Code   RO         1601    i.ADC_CommonInit    .\output\stm32f4xx_adc.o
    0x080005bc   0x00000054   Code   RO         1620    i.ADC_Init          .\output\stm32f4xx_adc.o
    0x08000610   0x000000b8   Code   RO         1625    i.ADC_RegularChannelConfig  .\output\stm32f4xx_adc.o
    0x080006c8   0x00000004   Code   RO          206    i.BusFault_Handler  .\output\stm32f4xx_it.o
    0x080006cc   0x00000002   Code   RO          207    i.DebugMon_Handler  .\output\stm32f4xx_it.o
    0x080006ce   0x00000002   PAD
    0x080006d0   0x00000018   Code   RO         1081    i.Delay             .\output\tm_stm32f4_hd44780.o
    0x080006e8   0x00000090   Code   RO          680    i.GPIO_Init         .\output\stm32f4xx_gpio.o
    0x08000778   0x00000046   Code   RO          681    i.GPIO_PinAFConfig  .\output\stm32f4xx_gpio.o
    0x080007be   0x00000012   Code   RO          684    i.GPIO_ReadInputDataBit  .\output\stm32f4xx_gpio.o
    0x080007d0   0x00000008   Code   RO          685    i.GPIO_ReadOutputData  .\output\stm32f4xx_gpio.o
    0x080007d8   0x00000004   Code   RO          691    i.GPIO_Write        .\output\stm32f4xx_gpio.o
    0x080007dc   0x00000004   Code   RO          208    i.HardFault_Handler  .\output\stm32f4xx_it.o
    0x080007e0   0x00000004   Code   RO          209    i.MemManage_Handler  .\output\stm32f4xx_it.o
    0x080007e4   0x00000002   Code   RO          210    i.NMI_Handler       .\output\stm32f4xx_it.o
    0x080007e6   0x00000002   PAD
    0x080007e8   0x00000078   Code   RO          639    i.NVIC_Init         .\output\misc.o
    0x08000860   0x00000002   Code   RO          211    i.PendSV_Handler    .\output\stm32f4xx_it.o
    0x08000862   0x00000002   PAD
    0x08000864   0x00000020   Code   RO          363    i.RCC_AHB1PeriphClockCmd  .\output\stm32f4xx_rcc.o
    0x08000884   0x00000020   Code   RO          372    i.RCC_APB1PeriphClockCmd  .\output\stm32f4xx_rcc.o
    0x080008a4   0x000000e8   Code   RO          384    i.RCC_GetClocksFreq  .\output\stm32f4xx_rcc.o
    0x0800098c   0x0000003c   Code   RO         2052    i.SPI_Init          .\output\stm32f4xx_spi.o
    0x080009c8   0x00000018   Code   RO         2055    i.SPI_StructInit    .\output\stm32f4xx_spi.o
    0x080009e0   0x00000002   Code   RO          212    i.SVC_Handler       .\output\stm32f4xx_it.o
    0x080009e2   0x00000002   PAD
    0x080009e4   0x000000ec   Code   RO            2    i.SetSysClock       .\output\system_stm32f4xx.o
    0x08000ad0   0x0000003c   Code   RO         2193    i.ShowDisplay       .\output\hyperion.o
    0x08000b0c   0x00000070   Code   RO         2194    i.ShowLeds          .\output\hyperion.o
    0x08000b7c   0x00000024   Code   RO          213    i.SysTick_Handler   .\output\stm32f4xx_it.o
    0x08000ba0   0x0000005c   Code   RO            4    i.SystemInit        .\output\system_stm32f4xx.o
    0x08000bfc   0x0000008c   Code   RO         2195    i.System_Init       .\output\hyperion.o
    0x08000c88   0x00000014   Code   RO         1442    i.TM_ADC_INT_Channel_0_Init  .\output\tm_stm32f4_adc.o
    0x08000c9c   0x00000014   Code   RO         1443    i.TM_ADC_INT_Channel_10_Init  .\output\tm_stm32f4_adc.o
    0x08000cb0   0x00000014   Code   RO         1444    i.TM_ADC_INT_Channel_11_Init  .\output\tm_stm32f4_adc.o
    0x08000cc4   0x00000014   Code   RO         1445    i.TM_ADC_INT_Channel_12_Init  .\output\tm_stm32f4_adc.o
    0x08000cd8   0x00000014   Code   RO         1446    i.TM_ADC_INT_Channel_13_Init  .\output\tm_stm32f4_adc.o
    0x08000cec   0x0000003c   Code   RO         1447    i.TM_ADC_INT_Channel_14_Init  .\output\tm_stm32f4_adc.o
    0x08000d28   0x00000040   Code   RO         1448    i.TM_ADC_INT_Channel_15_Init  .\output\tm_stm32f4_adc.o
    0x08000d68   0x00000014   Code   RO         1449    i.TM_ADC_INT_Channel_1_Init  .\output\tm_stm32f4_adc.o
    0x08000d7c   0x00000014   Code   RO         1450    i.TM_ADC_INT_Channel_2_Init  .\output\tm_stm32f4_adc.o
    0x08000d90   0x00000014   Code   RO         1451    i.TM_ADC_INT_Channel_3_Init  .\output\tm_stm32f4_adc.o
    0x08000da4   0x0000003c   Code   RO         1452    i.TM_ADC_INT_Channel_4_Init  .\output\tm_stm32f4_adc.o
    0x08000de0   0x0000003c   Code   RO         1453    i.TM_ADC_INT_Channel_5_Init  .\output\tm_stm32f4_adc.o
    0x08000e1c   0x0000003c   Code   RO         1454    i.TM_ADC_INT_Channel_6_Init  .\output\tm_stm32f4_adc.o
    0x08000e58   0x0000003c   Code   RO         1455    i.TM_ADC_INT_Channel_7_Init  .\output\tm_stm32f4_adc.o
    0x08000e94   0x0000003c   Code   RO         1456    i.TM_ADC_INT_Channel_8_Init  .\output\tm_stm32f4_adc.o
    0x08000ed0   0x0000003c   Code   RO         1457    i.TM_ADC_INT_Channel_9_Init  .\output\tm_stm32f4_adc.o
    0x08000f0c   0x0000001c   Code   RO         1458    i.TM_ADC_INT_InitPin  .\output\tm_stm32f4_adc.o
    0x08000f28   0x000000cc   Code   RO         1459    i.TM_ADC_Init       .\output\tm_stm32f4_adc.o
    0x08000ff4   0x000000a0   Code   RO         1460    i.TM_ADC_InitADC    .\output\tm_stm32f4_adc.o
    0x08001094   0x0000003a   Code   RO         1461    i.TM_ADC_Read       .\output\tm_stm32f4_adc.o
    0x080010ce   0x00000002   PAD
    0x080010d0   0x000000b0   Code   RO         1350    i.TM_Config_SysTick_Handler  .\output\tm_stm32f4_delay.o
    0x08001180   0x00000088   Code   RO         1353    i.TM_DELAY_Init     .\output\tm_stm32f4_delay.o
    0x08001208   0x0000000e   Code   RO         1208    i.TM_GPIO_GetPortSource  .\output\tm_stm32f4_gpio.o
    0x08001216   0x00000002   PAD
    0x08001218   0x00000020   Code   RO         1211    i.TM_GPIO_INT_EnableClock  .\output\tm_stm32f4_gpio.o
    0x08001238   0x000000b0   Code   RO         1212    i.TM_GPIO_INT_Init  .\output\tm_stm32f4_gpio.o
    0x080012e8   0x00000030   Code   RO         1213    i.TM_GPIO_Init      .\output\tm_stm32f4_gpio.o
    0x08001318   0x0000006e   Code   RO         1214    i.TM_GPIO_InitAlternate  .\output\tm_stm32f4_gpio.o
    0x08001386   0x00000012   Code   RO         1084    i.TM_HD44780_Clear  .\output\tm_stm32f4_hd44780.o
    0x08001398   0x00000020   Code   RO         1085    i.TM_HD44780_Cmd    .\output\tm_stm32f4_hd44780.o
    0x080013b8   0x00000080   Code   RO         1086    i.TM_HD44780_Cmd4bit  .\output\tm_stm32f4_hd44780.o
    0x08001438   0x00000038   Code   RO         1090    i.TM_HD44780_CursorSet  .\output\tm_stm32f4_hd44780.o
    0x08001470   0x00000020   Code   RO         1091    i.TM_HD44780_Data   .\output\tm_stm32f4_hd44780.o
    0x08001490   0x00000020   Code   RO         1093    i.TM_HD44780_DisplayOn  .\output\tm_stm32f4_hd44780.o
    0x080014b0   0x000000a4   Code   RO         1094    i.TM_HD44780_Init   .\output\tm_stm32f4_hd44780.o
    0x08001554   0x00000094   Code   RO         1095    i.TM_HD44780_InitPins  .\output\tm_stm32f4_hd44780.o
    0x080015e8   0x00000084   Code   RO         1097    i.TM_HD44780_Puts   .\output\tm_stm32f4_hd44780.o
    0x0800166c   0x00000094   Code   RO         1832    i.TM_LIS302DL_INT_ReadAxes  .\output\tm_stm32f4_lis302dl_lis3dsh.o
    0x08001700   0x0000003c   Code   RO         1833    i.TM_LIS302DL_LIS3DSH_Detect  .\output\tm_stm32f4_lis302dl_lis3dsh.o
    0x0800173c   0x00000014   Code   RO         1834    i.TM_LIS302DL_LIS3DSH_INT_Delay  .\output\tm_stm32f4_lis302dl_lis3dsh.o
    0x08001750   0x000000d4   Code   RO         1835    i.TM_LIS302DL_LIS3DSH_INT_InitLIS302DL  .\output\tm_stm32f4_lis302dl_lis3dsh.o
    0x08001824   0x000000b4   Code   RO         1836    i.TM_LIS302DL_LIS3DSH_INT_InitLIS3DSH  .\output\tm_stm32f4_lis302dl_lis3dsh.o
    0x080018d8   0x00000058   Code   RO         1837    i.TM_LIS302DL_LIS3DSH_INT_InitPins  .\output\tm_stm32f4_lis302dl_lis3dsh.o
    0x08001930   0x00000040   Code   RO         1838    i.TM_LIS302DL_LIS3DSH_INT_ReadSPI  .\output\tm_stm32f4_lis302dl_lis3dsh.o
    0x08001970   0x00000044   Code   RO         1839    i.TM_LIS302DL_LIS3DSH_INT_WriteSPI  .\output\tm_stm32f4_lis302dl_lis3dsh.o
    0x080019b4   0x00000044   Code   RO         1840    i.TM_LIS302DL_LIS3DSH_Init  .\output\tm_stm32f4_lis302dl_lis3dsh.o
    0x080019f8   0x00000030   Code   RO         1841    i.TM_LIS302DL_LIS3DSH_ReadAxes  .\output\tm_stm32f4_lis302dl_lis3dsh.o
    0x08001a28   0x000000c8   Code   RO         1842    i.TM_LIS3DSH_INT_ReadAxes  .\output\tm_stm32f4_lis302dl_lis3dsh.o
    0x08001af0   0x0000004c   Code   RO         1928    i.TM_SPI1_INT_InitPins  .\output\tm_stm32f4_spi.o
    0x08001b3c   0x00000080   Code   RO         1929    i.TM_SPI2_INT_InitPins  .\output\tm_stm32f4_spi.o
    0x08001bbc   0x00000050   Code   RO         1930    i.TM_SPI3_INT_InitPins  .\output\tm_stm32f4_spi.o
    0x08001c0c   0x00000068   Code   RO         1932    i.TM_SPI_Init       .\output\tm_stm32f4_spi.o
    0x08001c74   0x00000002   Code   RO         1933    i.TM_SPI_InitCustomPinsCallback  .\output\tm_stm32f4_spi.o
    0x08001c76   0x0000004e   Code   RO         1936    i.TM_SPI_ReadMulti  .\output\tm_stm32f4_spi.o
    0x08001cc4   0x00000042   Code   RO         1843    i.TM_SPI_Send       .\output\tm_stm32f4_lis302dl_lis3dsh.o
    0x08001d06   0x0000004e   Code   RO         1941    i.TM_SPI_WriteMulti  .\output\tm_stm32f4_spi.o
    0x08001d54   0x00000104   Code   RO         1943    i.TM_SPIx_Init      .\output\tm_stm32f4_spi.o
    0x08001e58   0x000000ac   Code   RO         2196    i.USART3_Init       .\output\hyperion.o
    0x08001f04   0x00000018   Code   RO          881    i.USART_Cmd         .\output\stm32f4xx_usart.o
    0x08001f1c   0x0000004a   Code   RO          887    i.USART_ITConfig    .\output\stm32f4xx_usart.o
    0x08001f66   0x00000002   PAD
    0x08001f68   0x000000d4   Code   RO          888    i.USART_Init        .\output\stm32f4xx_usart.o
    0x0800203c   0x00000008   Code   RO          898    i.USART_SendData    .\output\stm32f4xx_usart.o
    0x08002044   0x00000034   Code   RO         2197    i.USART_SendString  .\output\hyperion.o
    0x08002078   0x00000004   Code   RO          214    i.UsageFault_Handler  .\output\stm32f4xx_it.o
    0x0800207c   0x00000028   Code   RO         2331    i.__0sprintf$1      C:\Keil_v5\ARM\ARMCC\Bin\..\lib\armlib\mc_w.l(printf1.o)
    0x080020a4   0x0000000e   Code   RO         2638    i.__scatterload_copy  C:\Keil_v5\ARM\ARMCC\Bin\..\lib\armlib\mc_w.l(handlers.o)
    0x080020b2   0x00000002   Code   RO         2639    i.__scatterload_null  C:\Keil_v5\ARM\ARMCC\Bin\..\lib\armlib\mc_w.l(handlers.o)
    0x080020b4   0x0000000e   Code   RO         2640    i.__scatterload_zeroinit  C:\Keil_v5\ARM\ARMCC\Bin\..\lib\armlib\mc_w.l(handlers.o)
    0x080020c2   0x00000002   PAD
    0x080020c4   0x00000154   Code   RO         2336    i._printf_core      C:\Keil_v5\ARM\ARMCC\Bin\..\lib\armlib\mc_w.l(printf1.o)
    0x08002218   0x0000000a   Code   RO         2338    i._sputc            C:\Keil_v5\ARM\ARMCC\Bin\..\lib\armlib\mc_w.l(printf1.o)
    0x08002222   0x00000002   PAD
    0x08002224   0x00000028   Code   RO         2198    i.buttons_init      .\output\hyperion.o
    0x0800224c   0x00000018   Code   RO         2199    i.delay             .\output\hyperion.o
    0x08002264   0x00000040   Code   RO         2200    i.display_init      .\output\hyperion.o
    0x080022a4   0x00000040   Code   RO         2201    i.leds_init         .\output\hyperion.o
    0x080022e4   0x00000234   Code   RO          138    i.main              .\output\main.o
    0x08002518   0x00000022   Code   RO         2202    i.map               .\output\hyperion.o
    0x0800253a   0x00000002   PAD
    0x0800253c   0x00000018   Code   RO         2203    i.shoot_button      .\output\hyperion.o
    0x08002554   0x00000018   Code   RO         2204    i.stabilizer_button  .\output\hyperion.o
    0x0800256c   0x00000020   Data   RO         2636    Region$$Table       anon$$obj.o


    Execution Region RW_IRAM1 (Base: 0x20000000, Size: 0x00000510, Max: 0x00020000, ABSOLUTE)

    Base Addr    Size         Type   Attr      Idx    E Section Name        Object

    0x20000000   0x00000014   Data   RW            5    .data               .\output\system_stm32f4xx.o
    0x20000014   0x00000016   Data   RW          140    .data               .\output\main.o
    0x2000002a   0x00000010   Data   RW          407    .data               .\output\stm32f4xx_rcc.o
    0x2000003a   0x00000007   Data   RW         1100    .data               .\output\tm_stm32f4_hd44780.o
    0x20000041   0x00000003   PAD
    0x20000044   0x00000011   Data   RW         1362    .data               .\output\tm_stm32f4_delay.o
    0x20000055   0x00000003   PAD
    0x20000058   0x00000009   Data   RW         1844    .data               .\output\tm_stm32f4_lis302dl_lis3dsh.o
    0x20000061   0x00000001   PAD
    0x20000062   0x0000002c   Data   RW         2205    .data               .\output\hyperion.o
    0x2000008e   0x00000002   PAD
    0x20000090   0x00000050   Zero   RW          139    .bss                .\output\main.o
    0x200000e0   0x00000016   Zero   RW         1221    .bss                .\output\tm_stm32f4_gpio.o
    0x200000f6   0x00000002   PAD
    0x200000f8   0x00000018   Zero   RW         1361    .bss                .\output\tm_stm32f4_delay.o
    0x20000110   0x00000400   Zero   RW         1060    STACK               .\output\startup_stm32f4xx.o


==============================================================================

Image component sizes


      Code (inc. data)   RO Data    RW Data    ZI Data      Debug   Object Name

       810         88          0         44          0       8399   .\output\hyperion.o
       564         78          0         22         80      12177   .\output\main.o
       120         14          0          0          0       1344   .\output\misc.o
        36          8        392          0       1024        972   .\output\startup_stm32f4xx.o
       316         24          0          0          0       3827   .\output\stm32f4xx_adc.o
       244          0          0          0          0       4326   .\output\stm32f4xx_gpio.o
        60          8          0          0          0       3902   .\output\stm32f4xx_it.o
       296         30          0         16          0       4438   .\output\stm32f4xx_rcc.o
        84          0          0          0          0       2172   .\output\stm32f4xx_spi.o
       318          8          0          0          0       4143   .\output\stm32f4xx_usart.o
       328         34          0         20          0     263857   .\output\system_stm32f4xx.o
      1094        226          0          0          0      12392   .\output\tm_stm32f4_adc.o
       312         38          0         17         24      21663   .\output\tm_stm32f4_delay.o
       380         10          0          0         22       4268   .\output\tm_stm32f4_gpio.o
       766         50          0          7          0       8626   .\output\tm_stm32f4_hd44780.o
      1222        100          0          9          0      11805   .\output\tm_stm32f4_lis302dl_lis3dsh.o
       806         70          0          0          0       5918   .\output\tm_stm32f4_spi.o

    ----------------------------------------------------------------------
      7772        786        424        144       1152     374229   Object Totals
         0          0         32          0          0          0   (incl. Generated)
        16          0          0          9          2          0   (incl. Padding)

    ----------------------------------------------------------------------

      Code (inc. data)   RO Data    RW Data    ZI Data      Debug   Library Member Name

         0          0          0          0          0          0   C:\Keil_v5\ARM\ARMCC\Bin\..\lib\armlib\mc_w.l(entry.o)
         0          0          0          0          0          0   C:\Keil_v5\ARM\ARMCC\Bin\..\lib\armlib\mc_w.l(entry10a.o)
         0          0          0          0          0          0   C:\Keil_v5\ARM\ARMCC\Bin\..\lib\armlib\mc_w.l(entry11a.o)
         8          4          0          0          0          0   C:\Keil_v5\ARM\ARMCC\Bin\..\lib\armlib\mc_w.l(entry2.o)
         4          0          0          0          0          0   C:\Keil_v5\ARM\ARMCC\Bin\..\lib\armlib\mc_w.l(entry5.o)
         0          0          0          0          0          0   C:\Keil_v5\ARM\ARMCC\Bin\..\lib\armlib\mc_w.l(entry7b.o)
         0          0          0          0          0          0   C:\Keil_v5\ARM\ARMCC\Bin\..\lib\armlib\mc_w.l(entry8b.o)
         8          4          0          0          0          0   C:\Keil_v5\ARM\ARMCC\Bin\..\lib\armlib\mc_w.l(entry9a.o)
        30          0          0          0          0          0   C:\Keil_v5\ARM\ARMCC\Bin\..\lib\armlib\mc_w.l(handlers.o)
        36          8          0          0          0         68   C:\Keil_v5\ARM\ARMCC\Bin\..\lib\armlib\mc_w.l(init.o)
         0          0          0          0          0          0   C:\Keil_v5\ARM\ARMCC\Bin\..\lib\armlib\mc_w.l(iusefp.o)
        30          0          0          0          0         68   C:\Keil_v5\ARM\ARMCC\Bin\..\lib\armlib\mc_w.l(llshl.o)
        32          0          0          0          0         68   C:\Keil_v5\ARM\ARMCC\Bin\..\lib\armlib\mc_w.l(llushr.o)
       390         10          0          0          0        252   C:\Keil_v5\ARM\ARMCC\Bin\..\lib\armlib\mc_w.l(printf1.o)
        24          0          0          0          0         68   C:\Keil_v5\ARM\ARMCC\Bin\..\lib\armlib\mc_w.l(strcat.o)
        14          0          0          0          0         68   C:\Keil_v5\ARM\ARMCC\Bin\..\lib\armlib\mc_w.l(strlen.o)
        44          0          0          0          0         80   C:\Keil_v5\ARM\ARMCC\Bin\..\lib\armlib\mc_w.l(uidiv.o)
       186          0          0          0          0        176   C:\Keil_v5\ARM\ARMCC\Bin\..\lib\armlib\mf_w.l(depilogue.o)
        62          0          0          0          0         80   C:\Keil_v5\ARM\ARMCC\Bin\..\lib\armlib\mf_w.l(dfixi.o)
        34          0          0          0          0         76   C:\Keil_v5\ARM\ARMCC\Bin\..\lib\armlib\mf_w.l(dflti.o)
       228          0          0          0          0         96   C:\Keil_v5\ARM\ARMCC\Bin\..\lib\armlib\mf_w.l(dmul.o)
       110          0          0          0          0        168   C:\Keil_v5\ARM\ARMCC\Bin\..\lib\armlib\mf_w.l(fepilogue.o)
        50          0          0          0          0         68   C:\Keil_v5\ARM\ARMCC\Bin\..\lib\armlib\mf_w.l(ffixi.o)
        18          0          0          0          0         68   C:\Keil_v5\ARM\ARMCC\Bin\..\lib\armlib\mf_w.l(fflti.o)
       100          0          0          0          0         76   C:\Keil_v5\ARM\ARMCC\Bin\..\lib\armlib\mf_w.l(fmul.o)

    ----------------------------------------------------------------------
      1416         26          0          0          0       1480   Library Totals
         8          0          0          0          0          0   (incl. Padding)

    ----------------------------------------------------------------------

      Code (inc. data)   RO Data    RW Data    ZI Data      Debug   Library Name

       620         26          0          0          0        672   C:\Keil_v5\ARM\ARMCC\Bin\..\lib\armlib\mc_w.l
       788          0          0          0          0        808   C:\Keil_v5\ARM\ARMCC\Bin\..\lib\armlib\mf_w.l

    ----------------------------------------------------------------------
      1416         26          0          0          0       1480   Library Totals

    ----------------------------------------------------------------------

==============================================================================


      Code (inc. data)   RO Data    RW Data    ZI Data      Debug   

      9188        812        424        144       1152     370141   Grand Totals
      9188        812        424        144       1152     370141   ELF Image Totals
      9188        812        424        144          0          0   ROM Totals

==============================================================================

    Total RO  Size (Code + RO Data)                 9612 (   9.39kB)
    Total RW  Size (RW Data + ZI Data)              1296 (   1.27kB)
    Total ROM Size (Code + RO Data + RW Data)       9756 (   9.53kB)

==============================================================================

